******************************************************************************
                  TI ARM Linker PC v20.2.1                     
******************************************************************************
>> Linked Wed Sep 30 17:58:10 2020

OUTPUT FILE NAME:   <ble5_simple_peripheral_cc2640r2lp_app.out>
ENTRY POINT SYMBOL: "ResetISR"  address: 00013671


MEMORY CONFIGURATION

         name            origin    length      used     unused   attr    fill
----------------------  --------  ---------  --------  --------  ----  --------
  FLASH                 00000000   0001f000  0001b88a  00003776  R  X
  FLASH_LAST_PAGE       0001f000   00001000  00000058  00000fa8  R  X
  SRAM                  20000000   00004400  000025b8  00001e48  RW X


SEGMENT ALLOCATION MAP

run origin  load origin   length   init length attrs members
----------  ----------- ---------- ----------- ----- -------
00000000    00000000    0001a894   0001a894    r-x
  00000000    00000000    0000003c   0000003c    r-- .resetVecs
  0000003c    0000003c    00000fc4   00000fc4    r-x .text.1
  00001000    00001000    00000028   00000028    r-- .const:ti_sysbios_heaps_HeapMem_Module__FXNS__C
  00001028    00001028    00000024   00000024    r-- .const:ti_sysbios_gates_GateHwi_Module__FXNS__C
  0000104c    0000104c    00000024   00000024    r-- .const:ti_sysbios_gates_GateMutex_Module__FXNS__C
  00001070    00001070    00000020   00000020    r-- .const:ti_sysbios_family_arm_m3_Hwi_Object__DESC__C
  00001090    00001090    00000020   00000020    r-- .const:ti_sysbios_gates_GateHwi_Object__DESC__C
  000010b0    000010b0    00000020   00000020    r-- .const:ti_sysbios_gates_GateMutex_Object__DESC__C
  000010d0    000010d0    00000020   00000020    r-- .const:ti_sysbios_hal_Hwi_Object__DESC__C
  000010f0    000010f0    00000020   00000020    r-- .const:ti_sysbios_heaps_HeapMem_Object__DESC__C
  00001110    00001110    00000020   00000020    r-- .const:ti_sysbios_knl_Clock_Object__DESC__C
  00001130    00001130    00000020   00000020    r-- .const:ti_sysbios_knl_Event_Object__DESC__C
  00001150    00001150    00000020   00000020    r-- .const:ti_sysbios_knl_Mailbox_Object__DESC__C
  00001170    00001170    00000020   00000020    r-- .const:ti_sysbios_knl_Queue_Object__DESC__C
  00001190    00001190    00000020   00000020    r-- .const:ti_sysbios_knl_Semaphore_Object__DESC__C
  000011b0    000011b0    00000020   00000020    r-- .const:ti_sysbios_knl_Swi_Object__DESC__C
  000011d0    000011d0    00000020   00000020    r-- .const:ti_sysbios_knl_Task_Object__DESC__C
  000011f0    000011f0    00000008   00000008    r-- .const:ti_sysbios_knl_Idle_funcList__C
  000011f8    000011f8    00000004   00000004    r-- .const:ti_sysbios_family_arm_cc26xx_Timer_startupNeeded__C
  000011fc    000011fc    00000004   00000004    r-- .const:ti_sysbios_family_arm_m3_Hwi_E_alreadyDefined__C
  00001200    00001200    00000004   00000004    r-- .const:ti_sysbios_family_arm_m3_Hwi_E_hwiLimitExceeded__C
  00001204    00001204    00000004   00000004    r-- .const:ti_sysbios_family_arm_m3_Hwi_NUM_INTERRUPTS__C
  00001208    00001208    00000004   00000004    r-- .const:ti_sysbios_family_arm_m3_Hwi_Object__count__C
  0000120c    0000120c    00000004   00000004    r-- .const:ti_sysbios_family_arm_m3_Hwi_Object__table__C
  00001210    00001210    00000004   00000004    r-- .const:ti_sysbios_family_arm_m3_Hwi_ccr__C
  00001214    00001214    00000004   00000004    r-- .const:ti_sysbios_family_arm_m3_Hwi_excHandlerFunc__C
  00001218    00001218    00000004   00000004    r-- .const:ti_sysbios_family_arm_m3_Hwi_nullIsrFunc__C
  0000121c    0000121c    00000004   00000004    r-- .const:ti_sysbios_family_arm_m3_Hwi_numSparseInterrupts__C
  00001220    00001220    00000004   00000004    r-- .const:ti_sysbios_family_arm_m3_Hwi_priGroup__C
  00001224    00001224    00000004   00000004    r-- .const:ti_sysbios_family_arm_m3_TaskSupport_stackAlignment__C
  00001228    00001228    00000004   00000004    r-- .const:ti_sysbios_heaps_HeapMem_E_memory__C
  0000122c    0000122c    00000004   00000004    r-- .const:ti_sysbios_heaps_HeapMem_Module__gateObj__C
  00001230    00001230    00000004   00000004    r-- .const:ti_sysbios_heaps_HeapMem_Object__count__C
  00001234    00001234    00000004   00000004    r-- .const:ti_sysbios_heaps_HeapMem_Object__table__C
  00001238    00001238    00000004   00000004    r-- .const:ti_sysbios_heaps_HeapMem_reqAlign__C
  0000123c    0000123c    00000004   00000004    r-- .const:ti_sysbios_knl_Clock_triggerClock__C
  00001240    00001240    00000004   00000004    r-- .const:ti_sysbios_knl_Mailbox_Object__count__C
  00001244    00001244    00000004   00000004    r-- .const:ti_sysbios_knl_Mailbox_Object__table__C
  00001248    00001248    00000004   00000004    r-- .const:ti_sysbios_knl_Mailbox_maxTypeAlign__C
  0000124c    0000124c    00000004   00000004    r-- .const:ti_sysbios_knl_Queue_Object__count__C
  00001250    00001250    00000004   00000004    r-- .const:ti_sysbios_knl_Queue_Object__table__C
  00001254    00001254    00000004   00000004    r-- .const:ti_sysbios_knl_Semaphore_eventPost__C
  00001258    00001258    00000004   00000004    r-- .const:ti_sysbios_knl_Semaphore_eventSync__C
  0000125c    0000125c    00000004   00000004    r-- .const:ti_sysbios_knl_Swi_Object__count__C
  00001260    00001260    00000004   00000004    r-- .const:ti_sysbios_knl_Swi_Object__table__C
  00001264    00001264    00000004   00000004    r-- .const:ti_sysbios_knl_Swi_numPriorities__C
  00001268    00001268    00000004   00000004    r-- .const:ti_sysbios_knl_Task_Object__count__C
  0000126c    0000126c    00000004   00000004    r-- .const:ti_sysbios_knl_Task_Object__table__C
  00001270    00001270    00000004   00000004    r-- .const:ti_sysbios_knl_Task_allBlockedFunc__C
  00001274    00001274    00000004   00000004    r-- .const:ti_sysbios_knl_Task_defaultStackHeap__C
  00001278    00001278    00000004   00000004    r-- .const:ti_sysbios_knl_Task_defaultStackSize__C
  0000127c    0000127c    00000004   00000004    r-- .const:ti_sysbios_knl_Task_numConstructedTasks__C
  00001280    00001280    00000002   00000002    r-- .const:ti_sysbios_family_arm_cc26xx_Timer_Module__id__C
  00001282    00001282    00000002   00000002    r-- .const:ti_sysbios_family_arm_cc26xx_TimestampProvider_useClockTimer__C
  00001284    00001284    00000002   00000002    r-- .const:ti_sysbios_family_arm_m3_Hwi_Module__id__C
  00001286    00001286    00000002   00000002    r-- .const:ti_sysbios_gates_GateHwi_Module__id__C
  00001288    00001288    00000002   00000002    r-- .const:ti_sysbios_gates_GateMutex_Module__id__C
  0000128a    0000128a    00000002   00000002    r-- .const:ti_sysbios_heaps_HeapMem_Module__id__C
  0000128c    0000128c    00000002   00000002    r-- .const:ti_sysbios_knl_Task_initStackFlag__C
  0000128e    0000128e    00000001   00000001    r-- .const:ti_sysbios_knl_Clock_tickMode__C
  00001290    00001290    00000008   00000008    r-- .const:xdc_runtime_Startup_firstFxns__C
  00001298    00001298    00000008   00000008    r-- .const:xdc_runtime_Startup_lastFxns__C
  000012a0    000012a0    00000004   00000004    r-- .const:xdc_runtime_Assert_E_assertFailed__C
  000012a4    000012a4    00000004   00000004    r-- .const:xdc_runtime_Error_E_memory__C
  000012a8    000012a8    00000004   00000004    r-- .const:xdc_runtime_Error_policyFxn__C
  000012ac    000012ac    00000004   00000004    r-- .const:xdc_runtime_Error_raiseHook__C
  000012b0    000012b0    00000004   00000004    r-- .const:xdc_runtime_IGateProvider_Interface__BASE__C
  000012b4    000012b4    00000004   00000004    r-- .const:xdc_runtime_IHeap_Interface__BASE__C
  000012b8    000012b8    00000004   00000004    r-- .const:xdc_runtime_IModule_Interface__BASE__C
  000012bc    000012bc    00000004   00000004    r-- .const:xdc_runtime_Memory_defaultHeapInstance__C
  000012c0    000012c0    00000004   00000004    r-- .const:xdc_runtime_Startup_execImpl__C
  000012c4    000012c4    00000004   00000004    r-- .const:xdc_runtime_Startup_maxPasses__C
  000012c8    000012c8    00000004   00000004    r-- .const:xdc_runtime_Startup_sfxnRts__C
  000012cc    000012cc    00000004   00000004    r-- .const:xdc_runtime_Startup_sfxnTab__C
  000012d0    000012d0    00000004   00000004    r-- .const:xdc_runtime_Startup_startModsFxn__C
  000012d4    000012d4    00000004   00000004    r-- .const:xdc_runtime_SysCallback_abortFxn__C
  000012d8    000012d8    00000004   00000004    r-- .const:xdc_runtime_SysCallback_exitFxn__C
  000012dc    000012dc    00000004   00000004    r-- .const:xdc_runtime_System_abortFxn__C
  000012e0    000012e0    00000004   00000004    r-- .const:xdc_runtime_System_exitFxn__C
  000012e4    000012e4    00000004   00000004    r-- .const:xdc_runtime_System_maxAtexitHandlers__C
  000012e8    000012e8    00000004   00000004    r-- .const:xdc_runtime_Text_charTab__C
  000012ec    000012ec    00000004   00000004    r-- .const:xdc_runtime_Text_nameEmpty__C
  000012f0    000012f0    00000004   00000004    r-- .const:xdc_runtime_Text_nameStatic__C
  000012f4    000012f4    00000004   00000004    r-- .const:xdc_runtime_Text_nameUnknown__C
  000012f8    000012f8    00000002   00000002    r-- .const:xdc_runtime_Error_maxDepth__C
  000012fa    000012fa    00000002   00000002    r-- .const:xdc_runtime_Memory_Module__id__C
  000012fc    000012fc    00000002   00000002    r-- .const:xdc_runtime_Text_charCnt__C
  000012fe    000012fe    00000002   00000002    r-- .const:xdc_runtime_Text_isLoaded__C
  00001300    00001300    00000001   00000001    r-- .const:xdc_runtime_Error_policy__C
  00001304    00001304    00000004   00000004    r-- .const:ti_sysbios_rom_ROM_ti_sysbios_family_arm_cc26xx_Timer_getCount64__E
  00001308    00001308    00000004   00000004    r-- .const:ti_sysbios_rom_ROM_ti_sysbios_family_arm_cc26xx_Timer_getCurrentTick__E
  0000130c    0000130c    00000004   00000004    r-- .const:ti_sysbios_rom_ROM_ti_sysbios_family_arm_cc26xx_Timer_getMaxTicks__E
  00001310    00001310    00000004   00000004    r-- .const:ti_sysbios_rom_ROM_ti_sysbios_family_arm_cc26xx_Timer_initDevice__I
  00001314    00001314    00000004   00000004    r-- .const:ti_sysbios_rom_ROM_ti_sysbios_family_arm_cc26xx_Timer_setNextTick__E
  00001318    00001318    00000004   00000004    r-- .const:ti_sysbios_rom_ROM_ti_sysbios_family_arm_cc26xx_Timer_setThreshold__I
  0000131c    0000131c    00000004   00000004    r-- .const:ti_sysbios_rom_ROM_ti_sysbios_family_arm_cc26xx_Timer_start__E
  00001320    00001320    00000004   00000004    r-- .const:ti_sysbios_rom_ROM_ti_sysbios_family_arm_cc26xx_TimestampProvider_get32__E
  00001324    00001324    00000004   00000004    r-- .const:ti_sysbios_rom_ROM_xdc_runtime_Startup_getState__I
  00001328    00001328    00000004   00000004    r-- .const:ti_sysbios_rom_ROM_xdc_runtime_System_SupportProxy_abort__E
  0000132c    0000132c    00000004   00000004    r-- .const:ti_sysbios_rom_ROM_xdc_runtime_System_SupportProxy_exit__E
  00001330    00001330    000164dc   000164dc    r-x .text.2
  0001780c    0001780c    00000ff2   00000ff2    r-- .const
  00018800    00018800    00000e8c   00000e8c    r-- .rodata
  00019690    00019690    00001204   00001204    r-- .cinit
0001d000    0001d000    00001000   00001000    r--
  0001d000    0001d000    00001000   00001000    r-- .TI.bound:NV_FLASH
0001ffa8    0001ffa8    00000058   00000058    r--
  0001ffa8    0001ffa8    00000058   00000058    r-- .ccfg
20000100    20000100    000020f2   00000000    rw-
  20000100    20000100    00000044   00000000    rw- .data:ti_sysbios_knl_Task_Module__state__V
  20000144    20000144    00000034   00000000    rw- .data:ti_sysbios_family_arm_m3_Hwi_Module__state__V
  20000178    20000178    0000002c   00000000    rw- .data:ti_sysbios_knl_Clock_Module__state__V
  200001a4    200001a4    00000024   00000000    rw- .data:ti_sysbios_BIOS_Module__state__V
  200001c8    200001c8    0000001c   00000000    rw- .data:ti_sysbios_knl_Swi_Module__state__V
  200001e4    200001e4    00000008   00000000    rw- .data:ti_sysbios_family_arm_cc26xx_Timer_Module__state__V
  200001ec    200001ec    00000004   00000000    rw- .data:ti_sysbios_family_arm_cc26xx_TimestampProvider_Module__state__V
  200001f0    200001f0    00000008   00000000    rw- .data:xdc_runtime_Startup_Module__state__V
  200001f8    200001f8    00000008   00000000    rw- .data:xdc_runtime_System_Module__state__V
  20000200    20000200    00000004   00000000    rw- .data:xdc_runtime_Memory_Module__state__V
  20000204    20000204    00000002   00000000    rw- .data:xdc_runtime_Error_Module__state__V
  20000208    20000208    000010b7   00000000    rw- .data
  200012c0    200012c0    00000f32   00000000    rw- .bss
20004000    20004000    00000400   00000000    rw-
  20004000    20004000    00000400   00000000    rw- .stack


SECTION ALLOCATION MAP

 output                                  attributes/
section   page    origin      length       input sections
--------  ----  ----------  ----------   ----------------
.const:ti_sysbios_heaps_HeapMem_Module__FXNS__C 
*          0    00001000    00000028     
                  00001000    00000028     app_ble_pem3.oem3 (.const:ti_sysbios_heaps_HeapMem_Module__FXNS__C)

.const:ti_sysbios_gates_GateHwi_Module__FXNS__C 
*          0    00001028    00000024     
                  00001028    00000024     app_ble_pem3.oem3 (.const:ti_sysbios_gates_GateHwi_Module__FXNS__C)

.const:ti_sysbios_gates_GateMutex_Module__FXNS__C 
*          0    0000104c    00000024     
                  0000104c    00000024     app_ble_pem3.oem3 (.const:ti_sysbios_gates_GateMutex_Module__FXNS__C)

.const:ti_sysbios_family_arm_m3_Hwi_Object__DESC__C 
*          0    00001070    00000020     
                  00001070    00000020     app_ble_pem3.oem3 (.const:ti_sysbios_family_arm_m3_Hwi_Object__DESC__C)

.const:ti_sysbios_gates_GateHwi_Object__DESC__C 
*          0    00001090    00000020     
                  00001090    00000020     app_ble_pem3.oem3 (.const:ti_sysbios_gates_GateHwi_Object__DESC__C)

.const:ti_sysbios_gates_GateMutex_Object__DESC__C 
*          0    000010b0    00000020     
                  000010b0    00000020     app_ble_pem3.oem3 (.const:ti_sysbios_gates_GateMutex_Object__DESC__C)

.const:ti_sysbios_hal_Hwi_Object__DESC__C 
*          0    000010d0    00000020     
                  000010d0    00000020     app_ble_pem3.oem3 (.const:ti_sysbios_hal_Hwi_Object__DESC__C)

.const:ti_sysbios_heaps_HeapMem_Object__DESC__C 
*          0    000010f0    00000020     
                  000010f0    00000020     app_ble_pem3.oem3 (.const:ti_sysbios_heaps_HeapMem_Object__DESC__C)

.const:ti_sysbios_knl_Clock_Object__DESC__C 
*          0    00001110    00000020     
                  00001110    00000020     app_ble_pem3.oem3 (.const:ti_sysbios_knl_Clock_Object__DESC__C)

.const:ti_sysbios_knl_Event_Object__DESC__C 
*          0    00001130    00000020     
                  00001130    00000020     app_ble_pem3.oem3 (.const:ti_sysbios_knl_Event_Object__DESC__C)

.const:ti_sysbios_knl_Mailbox_Object__DESC__C 
*          0    00001150    00000020     
                  00001150    00000020     app_ble_pem3.oem3 (.const:ti_sysbios_knl_Mailbox_Object__DESC__C)

.const:ti_sysbios_knl_Queue_Object__DESC__C 
*          0    00001170    00000020     
                  00001170    00000020     app_ble_pem3.oem3 (.const:ti_sysbios_knl_Queue_Object__DESC__C)

.const:ti_sysbios_knl_Semaphore_Object__DESC__C 
*          0    00001190    00000020     
                  00001190    00000020     app_ble_pem3.oem3 (.const:ti_sysbios_knl_Semaphore_Object__DESC__C)

.const:ti_sysbios_knl_Swi_Object__DESC__C 
*          0    000011b0    00000020     
                  000011b0    00000020     app_ble_pem3.oem3 (.const:ti_sysbios_knl_Swi_Object__DESC__C)

.const:ti_sysbios_knl_Task_Object__DESC__C 
*          0    000011d0    00000020     
                  000011d0    00000020     app_ble_pem3.oem3 (.const:ti_sysbios_knl_Task_Object__DESC__C)

.const:ti_sysbios_knl_Idle_funcList__C 
*          0    000011f0    00000008     
                  000011f0    00000008     app_ble_pem3.oem3 (.const:ti_sysbios_knl_Idle_funcList__C)

.const:ti_sysbios_family_arm_cc26xx_Timer_startupNeeded__C 
*          0    000011f8    00000004     
                  000011f8    00000004     app_ble_pem3.oem3 (.const:ti_sysbios_family_arm_cc26xx_Timer_startupNeeded__C)

.const:ti_sysbios_family_arm_m3_Hwi_E_alreadyDefined__C 
*          0    000011fc    00000004     
                  000011fc    00000004     app_ble_pem3.oem3 (.const:ti_sysbios_family_arm_m3_Hwi_E_alreadyDefined__C)

.const:ti_sysbios_family_arm_m3_Hwi_E_hwiLimitExceeded__C 
*          0    00001200    00000004     
                  00001200    00000004     app_ble_pem3.oem3 (.const:ti_sysbios_family_arm_m3_Hwi_E_hwiLimitExceeded__C)

.const:ti_sysbios_family_arm_m3_Hwi_NUM_INTERRUPTS__C 
*          0    00001204    00000004     
                  00001204    00000004     app_ble_pem3.oem3 (.const:ti_sysbios_family_arm_m3_Hwi_NUM_INTERRUPTS__C)

.const:ti_sysbios_family_arm_m3_Hwi_Object__count__C 
*          0    00001208    00000004     
                  00001208    00000004     app_ble_pem3.oem3 (.const:ti_sysbios_family_arm_m3_Hwi_Object__count__C)

.const:ti_sysbios_family_arm_m3_Hwi_Object__table__C 
*          0    0000120c    00000004     
                  0000120c    00000004     app_ble_pem3.oem3 (.const:ti_sysbios_family_arm_m3_Hwi_Object__table__C)

.const:ti_sysbios_family_arm_m3_Hwi_ccr__C 
*          0    00001210    00000004     
                  00001210    00000004     app_ble_pem3.oem3 (.const:ti_sysbios_family_arm_m3_Hwi_ccr__C)

.const:ti_sysbios_family_arm_m3_Hwi_excHandlerFunc__C 
*          0    00001214    00000004     
                  00001214    00000004     app_ble_pem3.oem3 (.const:ti_sysbios_family_arm_m3_Hwi_excHandlerFunc__C)

.const:ti_sysbios_family_arm_m3_Hwi_nullIsrFunc__C 
*          0    00001218    00000004     
                  00001218    00000004     app_ble_pem3.oem3 (.const:ti_sysbios_family_arm_m3_Hwi_nullIsrFunc__C)

.const:ti_sysbios_family_arm_m3_Hwi_numSparseInterrupts__C 
*          0    0000121c    00000004     
                  0000121c    00000004     app_ble_pem3.oem3 (.const:ti_sysbios_family_arm_m3_Hwi_numSparseInterrupts__C)

.const:ti_sysbios_family_arm_m3_Hwi_priGroup__C 
*          0    00001220    00000004     
                  00001220    00000004     app_ble_pem3.oem3 (.const:ti_sysbios_family_arm_m3_Hwi_priGroup__C)

.const:ti_sysbios_family_arm_m3_TaskSupport_stackAlignment__C 
*          0    00001224    00000004     
                  00001224    00000004     app_ble_pem3.oem3 (.const:ti_sysbios_family_arm_m3_TaskSupport_stackAlignment__C)

.const:ti_sysbios_heaps_HeapMem_E_memory__C 
*          0    00001228    00000004     
                  00001228    00000004     app_ble_pem3.oem3 (.const:ti_sysbios_heaps_HeapMem_E_memory__C)

.const:ti_sysbios_heaps_HeapMem_Module__gateObj__C 
*          0    0000122c    00000004     
                  0000122c    00000004     app_ble_pem3.oem3 (.const:ti_sysbios_heaps_HeapMem_Module__gateObj__C)

.const:ti_sysbios_heaps_HeapMem_Object__count__C 
*          0    00001230    00000004     
                  00001230    00000004     app_ble_pem3.oem3 (.const:ti_sysbios_heaps_HeapMem_Object__count__C)

.const:ti_sysbios_heaps_HeapMem_Object__table__C 
*          0    00001234    00000004     
                  00001234    00000004     app_ble_pem3.oem3 (.const:ti_sysbios_heaps_HeapMem_Object__table__C)

.const:ti_sysbios_heaps_HeapMem_reqAlign__C 
*          0    00001238    00000004     
                  00001238    00000004     app_ble_pem3.oem3 (.const:ti_sysbios_heaps_HeapMem_reqAlign__C)

.const:ti_sysbios_knl_Clock_triggerClock__C 
*          0    0000123c    00000004     
                  0000123c    00000004     app_ble_pem3.oem3 (.const:ti_sysbios_knl_Clock_triggerClock__C)

.const:ti_sysbios_knl_Mailbox_Object__count__C 
*          0    00001240    00000004     
                  00001240    00000004     app_ble_pem3.oem3 (.const:ti_sysbios_knl_Mailbox_Object__count__C)

.const:ti_sysbios_knl_Mailbox_Object__table__C 
*          0    00001244    00000004     
                  00001244    00000004     app_ble_pem3.oem3 (.const:ti_sysbios_knl_Mailbox_Object__table__C)

.const:ti_sysbios_knl_Mailbox_maxTypeAlign__C 
*          0    00001248    00000004     
                  00001248    00000004     app_ble_pem3.oem3 (.const:ti_sysbios_knl_Mailbox_maxTypeAlign__C)

.const:ti_sysbios_knl_Queue_Object__count__C 
*          0    0000124c    00000004     
                  0000124c    00000004     app_ble_pem3.oem3 (.const:ti_sysbios_knl_Queue_Object__count__C)

.const:ti_sysbios_knl_Queue_Object__table__C 
*          0    00001250    00000004     
                  00001250    00000004     app_ble_pem3.oem3 (.const:ti_sysbios_knl_Queue_Object__table__C)

.const:ti_sysbios_knl_Semaphore_eventPost__C 
*          0    00001254    00000004     
                  00001254    00000004     app_ble_pem3.oem3 (.const:ti_sysbios_knl_Semaphore_eventPost__C)

.const:ti_sysbios_knl_Semaphore_eventSync__C 
*          0    00001258    00000004     
                  00001258    00000004     app_ble_pem3.oem3 (.const:ti_sysbios_knl_Semaphore_eventSync__C)

.const:ti_sysbios_knl_Swi_Object__count__C 
*          0    0000125c    00000004     
                  0000125c    00000004     app_ble_pem3.oem3 (.const:ti_sysbios_knl_Swi_Object__count__C)

.const:ti_sysbios_knl_Swi_Object__table__C 
*          0    00001260    00000004     
                  00001260    00000004     app_ble_pem3.oem3 (.const:ti_sysbios_knl_Swi_Object__table__C)

.const:ti_sysbios_knl_Swi_numPriorities__C 
*          0    00001264    00000004     
                  00001264    00000004     app_ble_pem3.oem3 (.const:ti_sysbios_knl_Swi_numPriorities__C)

.const:ti_sysbios_knl_Task_Object__count__C 
*          0    00001268    00000004     
                  00001268    00000004     app_ble_pem3.oem3 (.const:ti_sysbios_knl_Task_Object__count__C)

.const:ti_sysbios_knl_Task_Object__table__C 
*          0    0000126c    00000004     
                  0000126c    00000004     app_ble_pem3.oem3 (.const:ti_sysbios_knl_Task_Object__table__C)

.const:ti_sysbios_knl_Task_allBlockedFunc__C 
*          0    00001270    00000004     
                  00001270    00000004     app_ble_pem3.oem3 (.const:ti_sysbios_knl_Task_allBlockedFunc__C)

.const:ti_sysbios_knl_Task_defaultStackHeap__C 
*          0    00001274    00000004     
                  00001274    00000004     app_ble_pem3.oem3 (.const:ti_sysbios_knl_Task_defaultStackHeap__C)

.const:ti_sysbios_knl_Task_defaultStackSize__C 
*          0    00001278    00000004     
                  00001278    00000004     app_ble_pem3.oem3 (.const:ti_sysbios_knl_Task_defaultStackSize__C)

.const:ti_sysbios_knl_Task_numConstructedTasks__C 
*          0    0000127c    00000004     
                  0000127c    00000004     app_ble_pem3.oem3 (.const:ti_sysbios_knl_Task_numConstructedTasks__C)

.const:ti_sysbios_family_arm_cc26xx_Timer_Module__id__C 
*          0    00001280    00000002     
                  00001280    00000002     app_ble_pem3.oem3 (.const:ti_sysbios_family_arm_cc26xx_Timer_Module__id__C)

.const:ti_sysbios_family_arm_cc26xx_TimestampProvider_useClockTimer__C 
*          0    00001282    00000002     
                  00001282    00000002     app_ble_pem3.oem3 (.const:ti_sysbios_family_arm_cc26xx_TimestampProvider_useClockTimer__C)

.const:ti_sysbios_family_arm_m3_Hwi_Module__id__C 
*          0    00001284    00000002     
                  00001284    00000002     app_ble_pem3.oem3 (.const:ti_sysbios_family_arm_m3_Hwi_Module__id__C)

.const:ti_sysbios_gates_GateHwi_Module__id__C 
*          0    00001286    00000002     
                  00001286    00000002     app_ble_pem3.oem3 (.const:ti_sysbios_gates_GateHwi_Module__id__C)

.const:ti_sysbios_gates_GateMutex_Module__id__C 
*          0    00001288    00000002     
                  00001288    00000002     app_ble_pem3.oem3 (.const:ti_sysbios_gates_GateMutex_Module__id__C)

.const:ti_sysbios_heaps_HeapMem_Module__id__C 
*          0    0000128a    00000002     
                  0000128a    00000002     app_ble_pem3.oem3 (.const:ti_sysbios_heaps_HeapMem_Module__id__C)

.const:ti_sysbios_knl_Task_initStackFlag__C 
*          0    0000128c    00000002     
                  0000128c    00000002     app_ble_pem3.oem3 (.const:ti_sysbios_knl_Task_initStackFlag__C)

.const:ti_sysbios_knl_Clock_tickMode__C 
*          0    0000128e    00000001     
                  0000128e    00000001     app_ble_pem3.oem3 (.const:ti_sysbios_knl_Clock_tickMode__C)

.const:xdc_runtime_Startup_firstFxns__C 
*          0    00001290    00000008     
                  00001290    00000008     app_ble_pem3.oem3 (.const:xdc_runtime_Startup_firstFxns__C)

.const:xdc_runtime_Startup_lastFxns__C 
*          0    00001298    00000008     
                  00001298    00000008     app_ble_pem3.oem3 (.const:xdc_runtime_Startup_lastFxns__C)

.const:xdc_runtime_Assert_E_assertFailed__C 
*          0    000012a0    00000004     
                  000012a0    00000004     app_ble_pem3.oem3 (.const:xdc_runtime_Assert_E_assertFailed__C)

.const:xdc_runtime_Error_E_memory__C 
*          0    000012a4    00000004     
                  000012a4    00000004     app_ble_pem3.oem3 (.const:xdc_runtime_Error_E_memory__C)

.const:xdc_runtime_Error_policyFxn__C 
*          0    000012a8    00000004     
                  000012a8    00000004     app_ble_pem3.oem3 (.const:xdc_runtime_Error_policyFxn__C)

.const:xdc_runtime_Error_raiseHook__C 
*          0    000012ac    00000004     
                  000012ac    00000004     app_ble_pem3.oem3 (.const:xdc_runtime_Error_raiseHook__C)

.const:xdc_runtime_IGateProvider_Interface__BASE__C 
*          0    000012b0    00000004     
                  000012b0    00000004     app_ble_pem3.oem3 (.const:xdc_runtime_IGateProvider_Interface__BASE__C)

.const:xdc_runtime_IHeap_Interface__BASE__C 
*          0    000012b4    00000004     
                  000012b4    00000004     app_ble_pem3.oem3 (.const:xdc_runtime_IHeap_Interface__BASE__C)

.const:xdc_runtime_IModule_Interface__BASE__C 
*          0    000012b8    00000004     
                  000012b8    00000004     app_ble_pem3.oem3 (.const:xdc_runtime_IModule_Interface__BASE__C)

.const:xdc_runtime_Memory_defaultHeapInstance__C 
*          0    000012bc    00000004     
                  000012bc    00000004     app_ble_pem3.oem3 (.const:xdc_runtime_Memory_defaultHeapInstance__C)

.const:xdc_runtime_Startup_execImpl__C 
*          0    000012c0    00000004     
                  000012c0    00000004     app_ble_pem3.oem3 (.const:xdc_runtime_Startup_execImpl__C)

.const:xdc_runtime_Startup_maxPasses__C 
*          0    000012c4    00000004     
                  000012c4    00000004     app_ble_pem3.oem3 (.const:xdc_runtime_Startup_maxPasses__C)

.const:xdc_runtime_Startup_sfxnRts__C 
*          0    000012c8    00000004     
                  000012c8    00000004     app_ble_pem3.oem3 (.const:xdc_runtime_Startup_sfxnRts__C)

.const:xdc_runtime_Startup_sfxnTab__C 
*          0    000012cc    00000004     
                  000012cc    00000004     app_ble_pem3.oem3 (.const:xdc_runtime_Startup_sfxnTab__C)

.const:xdc_runtime_Startup_startModsFxn__C 
*          0    000012d0    00000004     
                  000012d0    00000004     app_ble_pem3.oem3 (.const:xdc_runtime_Startup_startModsFxn__C)

.const:xdc_runtime_SysCallback_abortFxn__C 
*          0    000012d4    00000004     
                  000012d4    00000004     app_ble_pem3.oem3 (.const:xdc_runtime_SysCallback_abortFxn__C)

.const:xdc_runtime_SysCallback_exitFxn__C 
*          0    000012d8    00000004     
                  000012d8    00000004     app_ble_pem3.oem3 (.const:xdc_runtime_SysCallback_exitFxn__C)

.const:xdc_runtime_System_abortFxn__C 
*          0    000012dc    00000004     
                  000012dc    00000004     app_ble_pem3.oem3 (.const:xdc_runtime_System_abortFxn__C)

.const:xdc_runtime_System_exitFxn__C 
*          0    000012e0    00000004     
                  000012e0    00000004     app_ble_pem3.oem3 (.const:xdc_runtime_System_exitFxn__C)

.const:xdc_runtime_System_maxAtexitHandlers__C 
*          0    000012e4    00000004     
                  000012e4    00000004     app_ble_pem3.oem3 (.const:xdc_runtime_System_maxAtexitHandlers__C)

.const:xdc_runtime_Text_charTab__C 
*          0    000012e8    00000004     
                  000012e8    00000004     app_ble_pem3.oem3 (.const:xdc_runtime_Text_charTab__C)

.const:xdc_runtime_Text_nameEmpty__C 
*          0    000012ec    00000004     
                  000012ec    00000004     app_ble_pem3.oem3 (.const:xdc_runtime_Text_nameEmpty__C)

.const:xdc_runtime_Text_nameStatic__C 
*          0    000012f0    00000004     
                  000012f0    00000004     app_ble_pem3.oem3 (.const:xdc_runtime_Text_nameStatic__C)

.const:xdc_runtime_Text_nameUnknown__C 
*          0    000012f4    00000004     
                  000012f4    00000004     app_ble_pem3.oem3 (.const:xdc_runtime_Text_nameUnknown__C)

.const:xdc_runtime_Error_maxDepth__C 
*          0    000012f8    00000002     
                  000012f8    00000002     app_ble_pem3.oem3 (.const:xdc_runtime_Error_maxDepth__C)

.const:xdc_runtime_Memory_Module__id__C 
*          0    000012fa    00000002     
                  000012fa    00000002     app_ble_pem3.oem3 (.const:xdc_runtime_Memory_Module__id__C)

.const:xdc_runtime_Text_charCnt__C 
*          0    000012fc    00000002     
                  000012fc    00000002     app_ble_pem3.oem3 (.const:xdc_runtime_Text_charCnt__C)

.const:xdc_runtime_Text_isLoaded__C 
*          0    000012fe    00000002     
                  000012fe    00000002     app_ble_pem3.oem3 (.const:xdc_runtime_Text_isLoaded__C)

.const:xdc_runtime_Error_policy__C 
*          0    00001300    00000001     
                  00001300    00000001     app_ble_pem3.oem3 (.const:xdc_runtime_Error_policy__C)

.const:ti_sysbios_rom_ROM_ti_sysbios_family_arm_cc26xx_Timer_getCount64__E 
*          0    00001304    00000004     
                  00001304    00000004     app_ble_pem3.oem3 (.const:ti_sysbios_rom_ROM_ti_sysbios_family_arm_cc26xx_Timer_getCount64__E)

.const:ti_sysbios_rom_ROM_ti_sysbios_family_arm_cc26xx_Timer_getCurrentTick__E 
*          0    00001308    00000004     
                  00001308    00000004     app_ble_pem3.oem3 (.const:ti_sysbios_rom_ROM_ti_sysbios_family_arm_cc26xx_Timer_getCurrentTick__E)

.const:ti_sysbios_rom_ROM_ti_sysbios_family_arm_cc26xx_Timer_getMaxTicks__E 
*          0    0000130c    00000004     
                  0000130c    00000004     app_ble_pem3.oem3 (.const:ti_sysbios_rom_ROM_ti_sysbios_family_arm_cc26xx_Timer_getMaxTicks__E)

.const:ti_sysbios_rom_ROM_ti_sysbios_family_arm_cc26xx_Timer_initDevice__I 
*          0    00001310    00000004     
                  00001310    00000004     app_ble_pem3.oem3 (.const:ti_sysbios_rom_ROM_ti_sysbios_family_arm_cc26xx_Timer_initDevice__I)

.const:ti_sysbios_rom_ROM_ti_sysbios_family_arm_cc26xx_Timer_setNextTick__E 
*          0    00001314    00000004     
                  00001314    00000004     app_ble_pem3.oem3 (.const:ti_sysbios_rom_ROM_ti_sysbios_family_arm_cc26xx_Timer_setNextTick__E)

.const:ti_sysbios_rom_ROM_ti_sysbios_family_arm_cc26xx_Timer_setThreshold__I 
*          0    00001318    00000004     
                  00001318    00000004     app_ble_pem3.oem3 (.const:ti_sysbios_rom_ROM_ti_sysbios_family_arm_cc26xx_Timer_setThreshold__I)

.const:ti_sysbios_rom_ROM_ti_sysbios_family_arm_cc26xx_Timer_start__E 
*          0    0000131c    00000004     
                  0000131c    00000004     app_ble_pem3.oem3 (.const:ti_sysbios_rom_ROM_ti_sysbios_family_arm_cc26xx_Timer_start__E)

.const:ti_sysbios_rom_ROM_ti_sysbios_family_arm_cc26xx_TimestampProvider_get32__E 
*          0    00001320    00000004     
                  00001320    00000004     app_ble_pem3.oem3 (.const:ti_sysbios_rom_ROM_ti_sysbios_family_arm_cc26xx_TimestampProvider_get32__E)

.const:ti_sysbios_rom_ROM_xdc_runtime_Startup_getState__I 
*          0    00001324    00000004     
                  00001324    00000004     app_ble_pem3.oem3 (.const:ti_sysbios_rom_ROM_xdc_runtime_Startup_getState__I)

.const:ti_sysbios_rom_ROM_xdc_runtime_System_SupportProxy_abort__E 
*          0    00001328    00000004     
                  00001328    00000004     app_ble_pem3.oem3 (.const:ti_sysbios_rom_ROM_xdc_runtime_System_SupportProxy_abort__E)

.const:ti_sysbios_rom_ROM_xdc_runtime_System_SupportProxy_exit__E 
*          0    0000132c    00000004     
                  0000132c    00000004     app_ble_pem3.oem3 (.const:ti_sysbios_rom_ROM_xdc_runtime_System_SupportProxy_exit__E)

.TI.bound:NV_FLASH 
*          0    0001d000    00001000     
                  0001d000    00001000     ble5_simple_peripheral_cc2640r2lp_stack_library.lib : osal_snv_wrapper.obj (.TI.bound:NV_FLASH)

.data:ti_sysbios_knl_Task_Module__state__V 
*          0    20000100    00000044     UNINITIALIZED
                  20000100    00000044     app_ble_pem3.oem3 (.data:ti_sysbios_knl_Task_Module__state__V)

.data:ti_sysbios_family_arm_m3_Hwi_Module__state__V 
*          0    20000144    00000034     UNINITIALIZED
                  20000144    00000034     app_ble_pem3.oem3 (.data:ti_sysbios_family_arm_m3_Hwi_Module__state__V)

.data:ti_sysbios_knl_Clock_Module__state__V 
*          0    20000178    0000002c     UNINITIALIZED
                  20000178    0000002c     app_ble_pem3.oem3 (.data:ti_sysbios_knl_Clock_Module__state__V)

.data:ti_sysbios_BIOS_Module__state__V 
*          0    200001a4    00000024     UNINITIALIZED
                  200001a4    00000024     app_ble_pem3.oem3 (.data:ti_sysbios_BIOS_Module__state__V)

.data:ti_sysbios_knl_Swi_Module__state__V 
*          0    200001c8    0000001c     UNINITIALIZED
                  200001c8    0000001c     app_ble_pem3.oem3 (.data:ti_sysbios_knl_Swi_Module__state__V)

.data:ti_sysbios_family_arm_cc26xx_Timer_Module__state__V 
*          0    200001e4    00000008     UNINITIALIZED
                  200001e4    00000008     app_ble_pem3.oem3 (.data:ti_sysbios_family_arm_cc26xx_Timer_Module__state__V)

.data:ti_sysbios_family_arm_cc26xx_TimestampProvider_Module__state__V 
*          0    200001ec    00000004     UNINITIALIZED
                  200001ec    00000004     app_ble_pem3.oem3 (.data:ti_sysbios_family_arm_cc26xx_TimestampProvider_Module__state__V)

.data:xdc_runtime_Startup_Module__state__V 
*          0    200001f0    00000008     UNINITIALIZED
                  200001f0    00000008     app_ble_pem3.oem3 (.data:xdc_runtime_Startup_Module__state__V)

.data:xdc_runtime_System_Module__state__V 
*          0    200001f8    00000008     UNINITIALIZED
                  200001f8    00000008     app_ble_pem3.oem3 (.data:xdc_runtime_System_Module__state__V)

.data:xdc_runtime_Memory_Module__state__V 
*          0    20000200    00000004     UNINITIALIZED
                  20000200    00000004     app_ble_pem3.oem3 (.data:xdc_runtime_Memory_Module__state__V)

.data:xdc_runtime_Error_Module__state__V 
*          0    20000204    00000002     UNINITIALIZED
                  20000204    00000002     app_ble_pem3.oem3 (.data:xdc_runtime_Error_Module__state__V)

.bootVecs 
*          0    00000000    00000008     DSECT
                  00000000    00000008     boot.aem3 : boot.oem3 (.bootVecs)

.resetVecs 
*          0    00000000    0000003c     
                  00000000    0000003c     app_ble_pem3.oem3 (.resetVecs)

.vecs      0    20000000    000000c8     NOLOAD SECTION
                  20000000    000000c8     app_ble_pem3.oem3 (.vecs)

xdc.meta   0    00000000    000000f9     COPY SECTION
                  00000000    000000f9     app_ble_pem3.oem3 (xdc.meta)

xdc.noload 
*          0    00000000    00000000     COPY SECTION

.cinit     0    00019690    00001204     
                  00019690    000010bf     (.cinit..data.load) [load image]
                  0001a74f    00000028     (.cinit..data:ti_sysbios_family_arm_m3_Hwi_Module__state__V.load) [load image, compression = lzss]
                  0001a777    00000021     (.cinit..data:ti_sysbios_knl_Task_Module__state__V.load) [load image, compression = lzss]
                  0001a798    0000001f     (.cinit..data:ti_sysbios_BIOS_Module__state__V.load) [load image, compression = lzss]
                  0001a7b7    0000001d     (.cinit..data:ti_sysbios_knl_Clock_Module__state__V.load) [load image, compression = lzss]
                  0001a7d4    00000010     (.cinit..data:ti_sysbios_knl_Swi_Module__state__V.load) [load image, compression = lzss]
                  0001a7e4    0000000c     (__TI_handler_table)
                  0001a7f0    0000000b     (.cinit..data:ti_sysbios_family_arm_cc26xx_Timer_Module__state__V.load) [load image, compression = lzss]
                  0001a7fb    00000005     --HOLE-- [fill = 0]
                  0001a800    00000008     (.cinit..bss.load) [load image, compression = zero_init]
                  0001a808    00000008     (.cinit..data:xdc_runtime_Memory_Module__state__V.load) [load image, compression = lzss]
                  0001a810    00000007     (.cinit..data:ti_sysbios_family_arm_cc26xx_TimestampProvider_Module__state__V.load) [load image, compression = lzss]
                  0001a817    00000007     (.cinit..data:xdc_runtime_Startup_Module__state__V.load) [load image, compression = lzss]
                  0001a81e    00000007     (.cinit..data:xdc_runtime_System_Module__state__V.load) [load image, compression = lzss]
                  0001a825    00000006     (.cinit..data:xdc_runtime_Error_Module__state__V.load) [load image, compression = lzss]
                  0001a82b    00000001     --HOLE-- [fill = 0]
                  0001a82c    00000068     (__TI_cinit_table)

.init_array 
*          0    00000000    00000000     UNINITIALIZED

.ccfg      0    0001ffa8    00000058     
                  0001ffa8    00000058     ccfg_app_ble.obj (.ccfg:retain)

.data      0    20000208    000010b7     UNINITIALIZED
                  20000208    000003a0     simple_peripheral.obj (.data:$O2$$)
                  200005a8    000001d4     devinfoservice.obj (.data:$O9$$)
                  2000077c    00000114     drivers_cc26x0r2.aem3 : PINCC26XX.oem3 (.data:$O1$$)
                  20000890    00000114     DataStreamerService.obj (.data:$O8$$)
                  200009a4    00000114     drivers_cc26x0r2.aem3 : PowerCC26XX.oem3 (.data:PowerCC26XX_module)
                  20000ab8    000000d8     ble5_simple_peripheral_cc2640r2lp_stack_library.lib : gapbondmgr.obj (.data:$O17$$)
                  20000b90    000000c8     DataStreamerService.obj (.data:dataStream$10)
                  20000c58    000000c8     DataStreamerService.obj (.data:simpleProfileChar1UserDesp$10)
                  20000d20    0000009c     icall.obj (.data:$O5$$)
                  20000dbc    0000007c     ble5_simple_peripheral_cc2640r2lp_stack_library.lib : osal_cbtimer.obj (.data:$O14$$)
                  20000e38    00000058     drivers_cc26x0r2.aem3 : CryptoResourceCC26XX.oem3 (.data:$O1$$)
                  20000e90    0000004c     app_ble_pem3.oem3 (.data:ti_sysbios_knl_Task_Object__table__V)
                  20000edc    00000004     ble5_simple_peripheral_cc2640r2lp_stack_library.lib : osal_pwrmgr.obj (.data:$O15$$)
                  20000ee0    00000048     app_ble_pem3.oem3 (.data:ti_sysbios_family_arm_cc26xx_Timer_Object__table__V)
                  20000f28    00000040     ble_user_config.obj (.data:rfRegTbl)
                  20000f68    0000003c     ll_pxxx.a : ll_config.o (.data)
                  20000fa4    00000038     app_ble_pem3.oem3 (.data:ti_sysbios_gates_GateMutex_Object__table__V)
                  20000fdc    00000030     app_ble_pem3.oem3 (.data:ti_sysbios_knl_Swi_Module_State_0_readyQ__A)
                  2000100c    00000030     app_ble_pem3.oem3 (.data:ti_sysbios_knl_Swi_Object__table__V)
                  2000103c    00000030     app_ble_pem3.oem3 (.data:ti_sysbios_knl_Task_Module_State_0_readyQ__A)
                  2000106c    0000002c     ble5_simple_peripheral_cc2640r2lp_stack_library.lib : osal.obj (.data:$O13$$)
                  20001098    00000028     ECCROMCC26XX.obj (.data:$O3$$)
                  200010c0    00000024     profiles_pxxx.a : gapgattserver.o (.data)
                  200010e4    00000020     app_ble_pem3.oem3 (.data:ti_sysbios_knl_Clock_Object__table__V)
                  20001104    00000020     app_ble_pem3.oem3 (.data:xdc_runtime_Error_IgnoreBlock)
                  20001124    00000018     sm_pxxx.a : sm_rsppairing.o (.data)
                  2000113c    00000018     app_ble_pem3.oem3 (.data:ti_sysbios_family_arm_m3_Hwi_Object__table__V)
                  20001154    00000014     gap_pxxx.a : gap_configmgr.o (.data)
                  20001168    00000010     icall_user_config.obj (.data:bleAppServiceInfoTable)
                  20001178    00000010     gap_pxxx.a : gap_configmgr.o (.data)
                  20001188    00000010     icall_api_lite.obj (.data)
                  20001198    00000010     ll_pxxx.a : ll.o (.data)
                  200011a8    00000010     main.obj (.data:user0Cfg)
                  200011b8    0000000c     ll_pxxx.a : ll_data.o (.data)
                  200011c4    0000000c     ble_user_config.obj (.data:rfRegTbl1M)
                  200011d0    0000000c     ble_user_config.obj (.data:rfRegTblCoded)
                  200011dc    0000000c     app_ble_pem3.oem3 (.data:ti_sysbios_heaps_HeapCallback_Object__table__V)
                  200011e8    00000009     devinfoservice.obj (.data)
                  200011f1    00000001     DataStreamerService.obj (.data)
                  200011f2    00000002     sm_pxxx.a : sm_mgr.o (.data)
                  200011f4    00000008     ble5_simple_peripheral_cc2640r2lp_stack_library.lib : hal_assert.obj (.data:$O12$$)
                  200011fc    00000008                                                         : osal_clock.obj (.data:$O19$$)
                  20001204    00000008     rtsv7M3_T_le_eabi.lib : _lock.c.obj (.data:$O21$$)
                  2000120c    00000008     icall_cc2650.obj (.data:$O7$$)
                  20001214    00000008     gap_pxxx.a : gap_advertiser.o (.data)
                  2000121c    00000008     ble_user_config.obj (.data:rfRegTbl2M)
                  20001224    00000008     app_ble_pem3.oem3 (.data:ti_sysbios_family_arm_m3_Hwi_Module__root__V)
                  2000122c    00000008     app_ble_pem3.oem3 (.data:ti_sysbios_gates_GateHwi_Module__root__V)
                  20001234    00000008     app_ble_pem3.oem3 (.data:ti_sysbios_gates_GateMutex_Module__root__V)
                  2000123c    00000008     app_ble_pem3.oem3 (.data:ti_sysbios_hal_Hwi_Module__root__V)
                  20001244    00000008     app_ble_pem3.oem3 (.data:ti_sysbios_heaps_HeapCallback_Module__root__V)
                  2000124c    00000008     app_ble_pem3.oem3 (.data:ti_sysbios_heaps_HeapMem_Module__root__V)
                  20001254    00000008     app_ble_pem3.oem3 (.data:ti_sysbios_knl_Clock_Module__root__V)
                  2000125c    00000008     app_ble_pem3.oem3 (.data:ti_sysbios_knl_Event_Module__root__V)
                  20001264    00000008     app_ble_pem3.oem3 (.data:ti_sysbios_knl_Mailbox_Module__root__V)
                  2000126c    00000008     app_ble_pem3.oem3 (.data:ti_sysbios_knl_Queue_Module__root__V)
                  20001274    00000008     app_ble_pem3.oem3 (.data:ti_sysbios_knl_Semaphore_Module__root__V)
                  2000127c    00000008     app_ble_pem3.oem3 (.data:ti_sysbios_knl_Swi_Module__root__V)
                  20001284    00000008     app_ble_pem3.oem3 (.data:ti_sysbios_knl_Task_Module__root__V)
                  2000128c    00000008     app_ble_pem3.oem3 (.data:xdc_runtime_Registry_Module__state__V)
                  20001294    00000004     ble5_simple_peripheral_cc2640r2lp_stack_library.lib : osal_snv_wrapper.obj (.data:$O20$$)
                  20001298    00000004                                                         : ble_user_config.obj (.data)
                  2000129c    00000004                                                         : osal_bufmgr.obj (.data)
                  200012a0    00000004     ble_user_config.obj (.data)
                  200012a4    00000004     rtsv7M3_T_le_eabi.lib : stkdepth_vars.c.obj (.data)
                  200012a8    00000004     app_ble_pem3.oem3 (.data:ti_sysbios_family_arm_m3_Hwi_Module_State_0_excContext__A)
                  200012ac    00000004     app_ble_pem3.oem3 (.data:ti_sysbios_family_arm_m3_Hwi_Module_State_0_excStack__A)
                  200012b0    00000004     app_ble_pem3.oem3 (.data:ti_sysbios_knl_Task_Module_State_0_idleTask__A)
                  200012b4    00000002     app_ble_pem3.oem3 (.data:ti_sysbios_family_arm_m3_Hwi_Module_State_0_excActive__A)
                  200012b6    00000001     TRNGCC26XX.obj (.data)
                  200012b7    00000001     simple_peripheral.obj (.data:argPeriodic)
                  200012b8    00000001     ble5_simple_peripheral_cc2640r2lp_stack_library.lib : gap.obj (.data)
                  200012b9    00000001     drivers_cc26x0r2.aem3 : CryptoCC26XX.oem3 (.data)
                  200012ba    00000001                           : UART.oem3 (.data)
                  200012bb    00000001     gatt_pxxx.a : gatt_client.o (.data)
                  200012bc    00000001     l2cap_pxxx.a : l2cap_task.o (.data)
                  200012bd    00000001     ll_pxxx.a : ll_ae.o (.data)
                  200012be    00000001               : ll_data.o (.data)

.bss       0    200012c0    00000f32     UNINITIALIZED
                  200012c0    00000450     WS2812Driver.obj (.bss:$O1$$)
                  20001710    000003a0     rf_singleMode_cc26x0r2.aem3 : RFCC26XX_singleMode.oem3 (.bss:$O1$$)
                  20001ab0    00000200     app_ble_pem3.oem3 (.bss:taskStackSection)
                  20001cb0    0000012c     (.common:uartCC26XXObjects)
                  20001ddc    000000d4     ll_pxxx.a : ll_privacy.o (.bss)
                  20001eb0    000000c8     (.common:ti_sysbios_family_arm_m3_Hwi_dispatchTable)
                  20001f78    00000080     board.obj (.bss:uartStringBuf$14)
                  20001ff8    00000044     ll_pxxx.a : ll_ae.o (.bss)
                  2000203c    00000038               : ble.o (.bss)
                  20002074    0000002c     (.common:cryptoCC26XXObjects)
                  200020a0    00000024               : ll.o (.bss)
                  200020c4    00000020     (.common:uartCC26XXRingBuffer)
                  200020e4    0000001c               : ble.o (.bss)
                  20002100    00000014     rf_singleMode_cc26x0r2.aem3 : RFCC26XX_singleMode.oem3 (.bss:RF_ratSyncCmd)
                  20002114    00000014     ll_pxxx.a : ll.o (.bss)
                  20002128    00000014     driverlib.lib : osc.obj (.bss:oscHfGlobals$61)
                  2000213c    00000010     gap_pxxx.a : gap_configmgr.o (.bss)
                  2000214c    00000010     util.obj (.bss:str$1$2)
                  2000215c    0000000c     ble5_simple_peripheral_cc2640r2lp_stack_library.lib : osal_timers.obj (.bss:$O16$$)
                  20002168    0000000c     ll_pxxx.a : ll_scheduler.o (.bss)
                  20002174    0000000c     (.common:displayUartObject)
                  20002180    00000008     dpl_cc26x0r2.aem3 : PowerCC26XX_tirtos.oem3 (.bss:$O1$$)
                  20002188    00000008     ll_pxxx.a : ll_common.o (.bss)
                  20002190    00000008     driverlib.lib : sys_ctrl.obj (.bss:powerQualGlobals$64)
                  20002198    00000008     profiles_pxxx.a : gattservapp.o (.bss)
                  200021a0    00000004     att_pxxx.a : att_client.o (.bss)
                  200021a4    00000004     gap_pxxx.a : gap_task.o (.bss)
                  200021a8    00000004     gatt_pxxx.a : gatt_client.o (.bss)
                  200021ac    00000004     ll_pxxx.a : ble.o (.bss)
                  200021b0    00000004               : ble.o (.bss)
                  200021b4    00000004               : ll.o (.bss)
                  200021b8    00000004               : ll.o (.bss)
                  200021bc    00000004               : ll.o (.bss)
                  200021c0    00000004               : ll.o (.bss)
                  200021c4    00000004               : ll.o (.bss)
                  200021c8    00000004               : ll_ae.o (.bss)
                  200021cc    00000004               : ll_privacy.o (.bss)
                  200021d0    00000004     (.common:ClockP_tickPeriod)
                  200021d4    00000004     (.common:tasksEvents)
                  200021d8    00000004     (.common:trngCC26XXObjects)
                  200021dc    00000002               : ll.o (.bss)
                  200021de    00000002               : ll.o (.bss)
                  200021e0    00000002               : ll_slave_end_causes.o (.bss)
                  200021e2    00000001     att_pxxx.a : att_util.o (.bss)
                  200021e3    00000001     drivers_cc26x0r2.aem3 : CryptoCC26XX.oem3 (.bss)
                  200021e4    00000001     hci_tl_none.a : hci_tl.o (.bss)
                  200021e5    00000001                   : hci_tl.o (.bss)
                  200021e6    00000001                   : hci_tl.o (.bss)
                  200021e7    00000001                   : hci_tl.o (.bss)
                  200021e8    00000001                   : hci_tl.o (.bss)
                  200021e9    00000001     l2cap_pxxx.a : l2cap_task.o (.bss)
                  200021ea    00000001     ll_pxxx.a : ll.o (.bss)
                  200021eb    00000001               : ll.o (.bss)
                  200021ec    00000001               : ll_ae.o (.bss)
                  200021ed    00000001               : ll_ae.o (.bss)
                  200021ee    00000001               : ll_ae.o (.bss)
                  200021ef    00000001     rf_singleMode_cc26x0r2.aem3 : RFCC26XX_singleMode.oem3 (.bss)
                  200021f0    00000001     (.common:driverlib_release_0_56883)
                  200021f1    00000001     (.common:icall_liteTaskId)

.vtable    0    200021f2    00000000     UNINITIALIZED

.vtable_ram 
*          0    200021f2    00000000     UNINITIALIZED

vtable_ram 
*          0    200021f2    00000000     UNINITIALIZED

.sysmem    0    200021f2    00000000     UNINITIALIZED

.nonretenvar 
*          0    200021f2    00000000     UNINITIALIZED

.stack     0    20004000    00000400     UNINITIALIZED
                  20004000    00000400     --HOLE--

.text.1    0    0000003c    00000fc4     
                  0000003c    00000834     ll_pxxx.a : ble.o (.text)
                  00000870    00000008     ble_r2.symbols (.tramp.llMemCopySrc.1)
                  00000878    00000008     ble_r2.symbols (.tramp.LL_ENC_ReverseBytes.1)
                  00000880    00000008     ble_r2.symbols (.tramp.LL_ENC_GenDeviceSKD.1)
                  00000888    00000008     ble_r2.symbols (.tramp.LL_ENC_GenDeviceIV.1)
                  00000890    00000008     ble_r2.symbols (.tramp.LL_RemoteConnParamReqCback.1)
                  00000898    00000008     ble_r2.symbols (.tramp.llGetSlowestPhy.1)
                  000008a0    00000008     ble_r2.symbols (.tramp.LL_DataLengthChangeEventCback.1)
                  000008a8    00000700     ll_pxxx.a : ll_adv_end_causes.o (.text)
                  00000fa8    00000008     ble_r2.symbols (.tramp.llHardwareError.1)
                  00000fb0    00000008     ble_r2.symbols (.tramp.RFHAL_InitDataQueue.1)
                  00000fb8    00000048     ECCROMCC26XX.obj (.text:ECC_initGlobals$3)

.text.2    0    00001330    000164dc     
                  00001330    00000534     ble5_simple_peripheral_cc2640r2lp_stack_library.lib : gapbondmgr.obj (.text:GAPBondMgr_ProcessEvent)
                  00001864    00000510     ll_pxxx.a : ll_slave_end_causes.o (.text)
                  00001d74    000004a8     simple_peripheral.obj (.text:SimplePeripheral_taskFxn$1)
                  0000221c    00000478     ble5_simple_peripheral_cc2640r2lp_stack_library.lib : icall_startup.obj (.text:startup_entry)
                  00002694    00000470     ll_pxxx.a : ll_slave_end_causes.o (.text)
                  00002b04    000003fc               : ll_ae.o (.text)
                  00002f00    000003f8     simple_peripheral.obj (.text:SimplePeripheral_processGapMessage$1)
                  000032f8    000003ac     ll_pxxx.a : ll.o (.text)
                  000036a4    00000324               : ll_isr.o (.text)
                  000039c8    00000320     rom_sysbios.aem3 : rom_sysbios.obj (.text:xdc_runtime_System_doPrint__I)
                  00003ce8    00000314     drivers_cc26x0r2.aem3 : PowerCC26XX_calibrateRCOSC.oem3 (.text:PowerCC26XX_auxISR)
                  00003ffc    00000314     ll_pxxx.a : ll_isr.o (.text)
                  00004310    000002fc               : ll_ae.o (.text)
                  0000460c    000002e0               : ll.o (.text)
                  000048ec    000002c0     rf_singleMode_cc26x0r2.aem3 : RFCC26XX_singleMode.oem3 (.text:RF_fsmActiveState)
                  00004bac    000002a8     ll_pxxx.a : ll_slave_end_causes.o (.text)
                  00004e54    00000298               : ll_ae.o (.text)
                  000050ec    00000278     drivers_cc26x0r2.aem3 : CryptoCC26XX.oem3 (.text:cryptoTransactionExecute)
                  00005364    0000024c     ll_pxxx.a : ll_common.o (.text)
                  000055b0    00000244               : ll_common.o (.text)
                  000057f4    00000244               : ll_isr.o (.text)
                  00005a38    00000240               : ll_scheduler.o (.text)
                  00005c78    0000022c     drivers_cc26x0r2.aem3 : PowerCC26XX.oem3 (.text:Power_sleep)
                  00005ea4    00000220     driverlib.lib : sys_ctrl.obj (.text:NOROM_SysCtrlSetRechargeBeforePowerDown)
                  000060c4    0000021c     ll_pxxx.a : ll_scheduler.o (.text)
                  000062e0    00000210               : ll_ae.o (.text)
                  000064f0    00000208     sm_pxxx.a : sm_pairing.o (.text)
                  000066f8    00000200     ll_pxxx.a : ll_ae.o (.text)
                  000068f8    00000200     profiles_pxxx.a : gattservapp.o (.text)
                  00006af8    000001ec     ll_pxxx.a : ll_isr.o (.text)
                  00006ce4    000001e8     ECCROMCC26XX.obj (.text:ECC_VerifyPublicKeyWeierstrass)
                  00006ecc    000001dc     sm_pxxx.a : sm_rsppairing.o (.text)
                  000070a8    000001d8     rf_singleMode_cc26x0r2.aem3 : RFCC26XX_singleMode.oem3 (.text:RF_fsmSetupState)
                  00007280    000001d8     ll_pxxx.a : ll_common.o (.text)
                  00007458    000001d0     ble5_simple_peripheral_cc2640r2lp_stack_library.lib : gapbondmgr.obj (.text:gapBondMgrAddBond$29)
                  00007628    000001c0                                                         : gap.obj (.text:GAP_DeviceInit)
                  000077e8    000001bc     main.obj (.text:AssertHandler)
                  000079a4    000001b0     drivers_cc26x0r2.aem3 : PINCC26XX.oem3 (.text:PIN_init)
                  00007b54    000001b0     ll_pxxx.a : ll.o (.text)
                  00007d04    000001ac               : ll.o (.text)
                  00007eb0    000001a4     ECCROMCC26XX.obj (.text:ECCROMCC26XX_genDHKey)
                  00008054    000001a0     rf_singleMode_cc26x0r2.aem3 : RFCC26XX_singleMode.oem3 (.text:RF_open)
                  000081f4    00000198     gap_pxxx.a : gap_advertiser.o (.text)
                  0000838c    00000190     drivers_cc26x0r2.aem3 : PowerCC26XX_calibrateRCOSC.oem3 (.text:PowerCC26XX_doCalibrate)
                  0000851c    00000190     icall.obj (.text:icall_directAPI)
                  000086ac    0000017c     profiles_pxxx.a : gattservapp.o (.text)
                  00008828    0000015c     drivers_cc26x0r2.aem3 : UARTCC26XX.oem3 (.text:UARTCC26XX_open)
                  00008984    0000015c     gatt_pxxx.a : gatt_client.o (.text)
                  00008ae0    00000154     ll_pxxx.a : ll_data.o (.text)
                  00008c34    00000150     ble5_simple_peripheral_cc2640r2lp_stack_library.lib : gapbondmgr.obj (.text:gapBondMgrAuthenticate$29)
                  00008d84    00000150     ll_pxxx.a : ll_common.o (.text)
                  00008ed4    00000150               : ll_isr.o (.text)
                  00009024    0000014c     gap_pxxx.a : gap_advertiser.o (.text)
                  00009170    0000014c     gatt_pxxx.a : gatt_server.o (.text)
                  000092bc    00000148     drivers_cc26x0r2.aem3 : UARTCC26XX.oem3 (.text:UARTCC26XX_hwiIntFxn)
                  00009404    0000013c     rf_singleMode_cc26x0r2.aem3 : RFCC26XX_singleMode.oem3 (.text:RF_ratSetupChannel)
                  00009540    00000136     drivers_cc26x0r2.aem3 : UARTCC26XX.oem3 (.text:UARTCC26XX_read)
                  00009676    00000002     ble_user_config.obj (.text:DefaultAssertCback)
                  00009678    00000130     ll_pxxx.a : ll.o (.text)
                  000097a8    0000012c     drivers_cc26x0r2.aem3 : PowerCC26XX.oem3 (.text:Power_init)
                  000098d4    0000012c     sm_pxxx.a : sm_task.o (.text)
                  00009a00    00000128     ECCROMCC26XX.obj (.text:ECCROMCC26XX_genKeys)
                  00009b28    00000128     ll_pxxx.a : ll_scheduler.o (.text)
                  00009c50    00000118     profiles_pxxx.a : gattservapp.o (.text)
                  00009d68    00000114     ble5_simple_peripheral_cc2640r2lp_stack_library.lib : osal_snv_wrapper.obj (.text:compactPage$37)
                  00009e7c    0000010e     gatt_pxxx.a : gatt_server.o (.text)
                  00009f8a    0000010c                 : gatt_client.o (.text)
                  0000a096    00000002     display.aem3 : DisplayUart.oem3 (.text:DisplayUartMin_clear)
                  0000a098    00000108     gap_pxxx.a : gap_advertiser.o (.text)
                  0000a1a0    00000106     app_ble_pem3.oem3 (.text:xdc_runtime_System_printfExtend__I)
                  0000a2a6    00000002     display.aem3 : DisplayUart.oem3 (.text:DisplayUartMin_clearLines)
                  0000a2a8    00000104     ll_pxxx.a : ll_common.o (.text)
                  0000a3ac    000000f8     sm_pxxx.a : sm_rsppairing.o (.text)
                  0000a4a4    000000f4     gap_pxxx.a : gap_linkmgr.o (.text)
                  0000a598    000000f0     drivers_cc26x0r2.aem3 : PINCC26XX.oem3 (.text:PINCC26XX_setIoCfg)
                  0000a688    000000f0     rf_singleMode_cc26x0r2.aem3 : RFCC26XX_singleMode.oem3 (.text:RF_radioOpDoneCb)
                  0000a778    000000f0     ble5_simple_peripheral_cc2640r2lp_stack_library.lib : osal_snv_wrapper.obj (.text:osal_snv_write)
                  0000a868    000000ec                                                         : gapbondmgr.obj (.text:gapBondMgrEraseBonding$29)
                  0000a954    000000ec     ll_pxxx.a : ll_common.o (.text)
                  0000aa40    000000ec     profiles_pxxx.a : gattservapp.o (.text)
                  0000ab2c    000000e8     dpl_cc26x0r2.aem3 : PowerCC26XX_tirtos.oem3 (.text:PowerCC26XX_standbyPolicy)
                  0000ac14    000000e8     ble5_simple_peripheral_cc2640r2lp_stack_library.lib : osal_timers.obj (.text:osalTimerUpdate)
                  0000acfc    000000e4     gatt_pxxx.a : gatt_client.o (.text)
                  0000ade0    000000e4     ll_pxxx.a : ll_ae.o (.text)
                  0000aec4    000000e4     sm_pxxx.a : sm_pairing.o (.text)
                  0000afa8    000000e2     drivers_cc26x0r2.aem3 : UARTCC26XX.oem3 (.text:UARTCC26XX_write)
                  0000b08a    00000002     display.aem3 : DisplayUart.oem3 (.text:DisplayUartMin_init)
                  0000b08c    000000dc     ble5_simple_peripheral_cc2640r2lp_stack_library.lib : gapbondmgr.obj (.text:gapBondMgr_LinkEst$29)
                  0000b168    000000dc     gap_pxxx.a : gap_linkmgr.o (.text)
                  0000b244    000000dc                : gap_task.o (.text)
                  0000b320    000000dc     hci_pxxx.a : hci_event.o (.text)
                  0000b3fc    000000d8     ll_pxxx.a : ll.o (.text)
                  0000b4d4    000000d8               : ll.o (.text)
                  0000b5ac    000000d8     sm_pxxx.a : sm_pairing.o (.text)
                  0000b684    000000d4     rf_singleMode_cc26x0r2.aem3 : RFCC26XX_singleMode.oem3 (.text:RF_pendCmd)
                  0000b758    000000d4     smp_pxxx.a : smp.o (.text)
                  0000b82c    000000d0     rf_singleMode_cc26x0r2.aem3 : RFCC26XX_singleMode.oem3 (.text:RF_fsmPowerUpState)
                  0000b8fc    000000d0                                 : RFCC26XX_singleMode.oem3 (.text:RF_postCmd)
                  0000b9cc    000000d0     ll_pxxx.a : ll_ae.o (.text)
                  0000ba9c    000000cc     rf_singleMode_cc26x0r2.aem3 : RFCC26XX_singleMode.oem3 (.text:RF_swiHw)
                  0000bb68    000000cc     ll_pxxx.a : ll_ae.o (.text)
                  0000bc34    000000cc     main.obj (.text:main)
                  0000bd00    000000c8     rf_singleMode_cc26x0r2.aem3 : RFCC26XX_singleMode.oem3 (.text:RF_control)
                  0000bdc8    000000c8     ll_pxxx.a : ll_data.o (.text)
                  0000be90    000000c8     sm_pxxx.a : sm_pairing.o (.text)
                  0000bf58    000000c4               : sm_pairing.o (.text)
                  0000c01c    000000c2     ll_pxxx.a : ll_ae.o (.text)
                  0000c0de    00000002     driverlib.lib : rfc.obj (.text:NOROM_RFCAdi3VcoLdoVoltageMode)
                  0000c0e0    000000c0     ble5_simple_peripheral_cc2640r2lp_stack_library.lib : osal.obj (.text:osal_set_event)
                  0000c1a0    000000be     gap_pxxx.a : gap_linkmgr.o (.text)
                  0000c25e    00000002     ble5_simple_peripheral_cc2640r2lp_stack_library.lib : onboard.obj (.text:Onboard_soft_reset)
                  0000c260    000000bc     drivers_cc26x0r2.aem3 : PowerCC26XX.oem3 (.text:Power_releaseDependency)
                  0000c31c    000000bc     simple_peripheral.obj (.text:SimplePeripheral_processParamUpdate$1)
                  0000c3d8    000000bc     gap_pxxx.a : gap_advertiser.o (.text)
                  0000c494    000000bc     hci_pxxx.a : hci_event.o (.text)
                  0000c550    000000bc                : hci_event.o (.text)
                  0000c60c    000000bc     ll_pxxx.a : ll_common.o (.text)
                  0000c6c8    000000b8     driverlib.lib : setup.obj (.text:NOROM_SetupTrimDevice)
                  0000c780    000000b8     ll_pxxx.a : ll.o (.text)
                  0000c838    000000b4     drivers_cc26x0r2.aem3 : PowerCC26XX.oem3 (.text:Power_setDependency)
                  0000c8ec    000000b0     TRNGCC26XX.obj (.text:TRNGCC26XX_getNumber)
                  0000c99c    000000b0     gap_pxxx.a : gap_advertiser.o (.text)
                  0000ca4c    000000b0                : gap_linkmgr.o (.text)
                  0000cafc    000000b0     ll_pxxx.a : ble.o (.text)
                  0000cbac    000000ac     rf_singleMode_cc26x0r2.aem3 : RFCC26XX_singleMode.oem3 (.text:RF_abortCmd)
                  0000cc58    000000ac     att_pxxx.a : att_util.o (.text)
                  0000cd04    000000ac     ll_pxxx.a : ll.o (.text)
                  0000cdb0    000000aa               : ll_common.o (.text)
                  0000ce5a    000000aa     sm_pxxx.a : sm_mgr.o (.text)
                  0000cf04    000000a8     rf_singleMode_cc26x0r2.aem3 : RFCC26XX_singleMode.oem3 (.text:RF_dispatchNextCmd)
                  0000cfac    000000a6     rom_sysbios.aem3 : rom_sysbios.obj (.text:xdc_runtime_Text_putSite__E)
                  0000d052    00000002     rf_singleMode_cc26x0r2.aem3 : RFCC26XX_singleMode.oem3 (.text:RF_defaultCallback)
                  0000d054    000000a4                                 : RFCC26XX_singleMode.oem3 (.text:RF_ratRestartChannels)
                  0000d0f8    000000a4     gatt_pxxx.a : gatt_client.o (.text)
                  0000d19c    000000a4     ll_pxxx.a : ll_common.o (.text)
                  0000d240    000000a4               : ll_common.o (.text)
                  0000d2e4    000000a4               : ll_enc.o (.text)
                  0000d388    000000a4               : ll_scheduler.o (.text)
                  0000d42c    000000a4     ble5_simple_peripheral_cc2640r2lp_stack_library.lib : osal.obj (.text:osal_msg_enqueue_push$21)
                  0000d4d0    000000a4     drivers_cc26x0r2.aem3 : PowerCC26XX.oem3 (.text:switchXOSCHFclockFunc)
                  0000d574    000000a0                           : PINCC26XX.oem3 (.text:PIN_open)
                  0000d614    000000a0     auto_init.aem3 : auto_init.oem3 (.text)
                  0000d6b4    000000a0     ble5_simple_peripheral_cc2640r2lp_stack_library.lib : osal_timers.obj (.text:osal_timer_refTimeUpdate)
                  0000d754    0000009e                                                         : gapbondmgr.obj (.text:gapBondMgrUpdateCharCfg$29)
                  0000d7f2    00000002                                                         : sm_ecc.obj (.text:SM_dhKeyCB)
                  0000d7f4    0000009c     rf_singleMode_cc26x0r2.aem3 : RFCC26XX_singleMode.oem3 (.text:RF_calculateDispatchTime)
                  0000d890    0000009c     ble5_simple_peripheral_cc2640r2lp_stack_library.lib : osal_cbtimer.obj (.text:cbTimerSetup$23)
                  0000d92c    0000009c     ll_pxxx.a : ll.o (.text)
                  0000d9c8    0000009c     ble5_simple_peripheral_cc2640r2lp_stack_library.lib : osal_cbtimer.obj (.text:osal_CbTimerProcessEvent)
                  0000da64    0000009c     rtsv7M3_T_le_eabi.lib : memcpy_t2.asm.obj (.text)
                  0000db00    0000009a     ll_pxxx.a : ll_ae.o (.text)
                  0000db9a    00000002     ble5_simple_peripheral_cc2640r2lp_stack_library.lib : sm_ecc.obj (.text:SM_p256KeyCB)
                  0000db9c    00000098     drivers_cc26x0r2.aem3 : UARTCC26XX.oem3 (.text:UARTCC26XX_initHw)
                  0000dc34    00000098                           : UARTCC26XX.oem3 (.text:UARTCC26XX_initIO)
                  0000dccc    00000098     ll_pxxx.a : ll.o (.text)
                  0000dd64    00000098     rom_sysbios.aem3 : rom_sysbios.obj (.text:ti_sysbios_knl_Clock_workFuncDynamic__E)
                  0000ddfc    00000096     rtsv7M3_T_le_eabi.lib : ull_div_t2.asm.obj (.text)
                  0000de92    00000002                           : _lock.c.obj (.text:_nop)
                  0000de94    00000094     drivers_cc26x0r2.aem3 : CryptoCC26XX.oem3 (.text:CryptoCC26XX_allocateKey)
                  0000df28    00000094     icall.obj (.text:ICall_setTimer)
                  0000dfbc    00000094     driverlib.lib : crypto.obj (.text:NOROM_CRYPTOAesLoadKey)
                  0000e050    00000094     ble5_simple_peripheral_cc2640r2lp_stack_library.lib : gapbondmgr.obj (.text:gapBondMgr_syncResolvingList)
                  0000e0e4    00000094     gatt_pxxx.a : gatt_server.o (.text)
                  0000e178    00000094     ll_pxxx.a : ll.o (.text)
                  0000e20c    00000092     gap_pxxx.a : linkdb.o (.text)
                  0000e29e    00000092     ll_pxxx.a : ll_common.o (.text)
                  0000e330    00000092               : ll_enc.o (.text)
                  0000e3c2    00000002     drivers_cc26x0r2.aem3 : PowerCC26XX.oem3 (.text:emptyClockFunc)
                  0000e3c4    00000090                           : CryptoCC26XX.oem3 (.text:CryptoCC26XX_open)
                  0000e454    00000090     driverlib.lib : setup.obj (.text:TrimAfterColdResetWakeupFromShutDown$17)
                  0000e4e4    00000090     gatt_pxxx.a : gatt_client.o (.text)
                  0000e574    00000090     ll_pxxx.a : ll_scheduler.o (.text)
                  0000e604    00000090               : ll_wl.o (.text)
                  0000e694    00000090     ble5_simple_peripheral_cc2640r2lp_stack_library.lib : osal.obj (.text:osal_msg_receive)
                  0000e724    00000090     sm_pxxx.a : sm_pairing.o (.text)
                  0000e7b4    00000090     rom_sysbios.aem3 : rom_sysbios.obj (.text:ti_sysbios_family_arm_cc26xx_Timer_start__E)
                  0000e844    0000008e     drivers_cc26x0r2.aem3 : UARTCC26XX.oem3 (.text:UARTCC26XX_writeCancel)
                  0000e8d2    00000002                           : CryptoResourceCC26XX.oem3 (.text:errorSpin)
                  0000e8d4    0000008c     ble5_simple_peripheral_cc2640r2lp_stack_library.lib : gapbondmgr.obj (.text:GAPBondMgr_FindAddr)
                  0000e960    0000008c     icall.obj (.text:ICall_heapMalloc)
                  0000e9ec    0000008c     gatt_pxxx.a : gatt_client.o (.text)
                  0000ea78    0000008c     ll_pxxx.a : ll_common.o (.text)
                  0000eb04    00000088     gap_pxxx.a : gap_linkmgr.o (.text)
                  0000eb8c    00000088     hci_pxxx.a : hci_event.o (.text)
                  0000ec14    00000088     DataStreamerService.obj (.text:simpleProfile_WriteAttrCB$10)
                  0000ec9c    00000086     ll_pxxx.a : ll_common.o (.text)
                  0000ed22    00000002     ble5_simple_peripheral_cc2640r2lp_stack_library.lib : hal_assert.obj (.text:halAssertHandler)
                  0000ed24    00000084     driverlib.lib : crypto.obj (.text:NOROM_CRYPTOCcmInvAuthDecryptResultGet)
                  0000eda8    00000084     drivers_cc26x0r2.aem3 : UARTCC26XX.oem3 (.text:UARTCC26XX_close)
                  0000ee2c    00000084     profiles_pxxx.a : gattservapp.o (.text)
                  0000eeb0    00000084                     : gattservapp.o (.text)
                  0000ef34    00000082     gatt_pxxx.a : gatt_client.o (.text)
                  0000efb6    00000082     ll_pxxx.a : ll.o (.text)
                  0000f038    00000082     profiles_pxxx.a : gattservapp.o (.text)
                  0000f0ba    00000002     ble5_simple_peripheral_cc2640r2lp_stack_library.lib : hal_assert.obj (.text:halAssertSpinlock)
                  0000f0bc    00000080     rf_singleMode_cc26x0r2.aem3 : RFCC26XX_singleMode.oem3 (.text:RF_hwiCpe0Active)
                  0000f13c    00000080     ll_pxxx.a : ll.o (.text)
                  0000f1bc    00000080     profiles_pxxx.a : gattservapp.o (.text)
                  0000f23c    00000080     drivers_cc26x0r2.aem3 : UARTCC26XX.oem3 (.text:writeTxFifoFlush)
                  0000f2bc    0000007c     rf_singleMode_cc26x0r2.aem3 : RFCC26XX_singleMode.oem3 (.text:RF_ratFreeChannel)
                  0000f338    0000007c     gap_pxxx.a : gap_linkmgr.o (.text)
                  0000f3b4    0000007c     gatt_pxxx.a : gatt_client.o (.text)
                  0000f430    0000007c     hci_pxxx.a : hci_event.o (.text)
                  0000f4ac    0000007c     ll_pxxx.a : ll_common.o (.text)
                  0000f528    0000007c               : ll_common.o (.text)
                  0000f5a4    0000007c     ble5_simple_peripheral_cc2640r2lp_stack_library.lib : osal.obj (.text:osal_event_send$21)
                  0000f620    0000007a     rtsv7M3_T_le_eabi.lib : memset_t2.asm.obj (.text)
                  0000f69a    00000002     icall_api_lite.obj (.text:rfErrCb)
                  0000f69c    00000078     driverlib.lib : rfc.obj (.text:NOROM_RFCOverrideUpdate)
                  0000f714    00000078     l2cap_pxxx.a : l2cap_if.o (.text)
                  0000f78c    00000078     ll_pxxx.a : ll_common.o (.text)
                  0000f804    00000078               : ll_common.o (.text)
                  0000f87c    00000078               : ll_common.o (.text)
                  0000f8f4    00000078     profiles_pxxx.a : gattservapp.o (.text)
                  0000f96c    00000076     gatt_pxxx.a : gatt_client.o (.text)
                  0000f9e2    00000002     rtsv7M3_T_le_eabi.lib : div0.asm.obj (.text)
                  0000f9e4    00000074     ble5_simple_peripheral_cc2640r2lp_stack_library.lib : gapbondmgr.obj (.text:gapBondMgrBondReq$29)
                  0000fa58    00000074     ll_pxxx.a : ll_ae.o (.text)
                  0000facc    00000074               : ll_ae.o (.text)
                  0000fb40    00000074               : ll_common.o (.text)
                  0000fbb4    00000074               : ll_common.o (.text)
                  0000fc28    00000074               : ll_enc.o (.text)
                  0000fc9c    00000074     sm_pxxx.a : sm_pairing.o (.text)
                  0000fd10    00000074     rom_sysbios.aem3 : rom_sysbios.obj (.text:xdc_runtime_Text_putMod__E)
                  0000fd84    00000072     gatt_pxxx.a : gatt_client.o (.text)
                  0000fdf6    00000002     app_ble_pem3.oem3 (.text:ti_sysbios_BIOS_nullFunc__I)
                  0000fdf8    00000070     ble5_simple_peripheral_cc2640r2lp_stack_library.lib : gapbondmgr.obj (.text:GAPBondMgr_SetParameter)
                  0000fe68    00000070     icall.obj (.text:ICall_heapGetStats)
                  0000fed8    00000070     icall.obj (.text:ICall_heapInit)
                  0000ff48    00000070     driverlib.lib : sys_ctrl.obj (.text:NOROM_SysCtrlAdjustRechargeAfterPowerDown)
                  0000ffb8    00000070     ble5_simple_peripheral_cc2640r2lp_stack_library.lib : ble_dispatch_lite.obj (.text:ble_dispatch_liteProcess)
                  00010028    00000070     gatt_pxxx.a : gatt_server.o (.text)
                  00010098    00000070     drivers_cc26x0r2.aem3 : PowerCC26XX.oem3 (.text:lfClockReadyCallback)
                  00010108    00000070     ble5_simple_peripheral_cc2640r2lp_stack_library.lib : osal_snv_wrapper.obj (.text:writeWord$37)
                  00010178    0000006e     gap_pxxx.a : gap_task.o (.text)
                  000101e6    0000006e     gatt_pxxx.a : gatt_server.o (.text)
                  00010254    0000006d     rom_sysbios.aem3 : rom_sysbios.obj (.text:xdc_runtime_System_formatNum__I)
                  000102c1    00000001     --HOLE-- [fill = 0]
                  000102c2    00000002                      : rom_sysbios.obj (.text:ti_sysbios_heaps_HeapCallback_defaultDelete)
                  000102c4    0000006c     icall.obj (.text:ICall_send)
                  00010330    0000006c     icall.obj (.text:ICall_sendServiceComplete)
                  0001039c    0000006c     driverlib.lib : osc.obj (.text:NOROM_OSCHF_AttemptToSwitchToXosc)
                  00010408    0000006c     drivers_cc26x0r2.aem3 : PowerCC26XX_calibrateRCOSC.oem3 (.text:PowerCC26XX_initiateCalibration)
                  00010474    0000006c     rf_singleMode_cc26x0r2.aem3 : RFCC26XX_singleMode.oem3 (.text:RF_ratDisableChannel)
                  000104e0    0000006c     drivers_cc26x0r2.aem3 : PowerCC26XX.oem3 (.text:configureXOSCHF)
                  0001054c    0000006c     gap_pxxx.a : gap_configmgr.o (.text)
                  000105b8    0000006c                : gap_perilinkmgr.o (.text)
                  00010624    0000006c     gatt_pxxx.a : gatt_client.o (.text)
                  00010690    0000006c     ll_pxxx.a : ble.o (.text)
                  000106fc    0000006c               : ll_common.o (.text)
                  00010768    0000006c               : ll_common.o (.text)
                  000107d4    0000006c               : ll_common.o (.text)
                  00010840    0000006c               : ll_common.o (.text)
                  000108ac    0000006c               : ll_scheduler.o (.text)
                  00010918    0000006a     ble5_simple_peripheral_cc2640r2lp_stack_library.lib : gapbondmgr.obj (.text:gapBondMgrEraseLocalInfo$29)
                  00010982    00000002     rom_sysbios.aem3 : rom_sysbios.obj (.text:xdc_runtime_SysCallback_defaultAbort)
                  00010984    00000068     drivers_cc26x0r2.aem3 : CryptoCC26XX.oem3 (.text:CryptoCC26XX_loadKey)
                  000109ec    00000068     driverlib.lib : sys_ctrl.obj (.text:NOROM_SysCtrl_DCDC_VoltageConditionalControl)
                  00010a54    00000068     rf_singleMode_cc26x0r2.aem3 : RFCC26XX_singleMode.oem3 (.text:RF_getCurrentTime)
                  00010abc    00000068                                 : RFCC26XX_singleMode.oem3 (.text:RF_hwiHw)
                  00010b24    00000068     rtsv7M3_T_le_eabi.lib : copy_decompress_lzss.c.obj (.text:decompress:lzss:__TI_decompress_lzss)
                  00010b8c    00000068     gap_pxxx.a : gap_configmgr.o (.text)
                  00010bf4    00000068     ll_pxxx.a : ll.o (.text)
                  00010c5c    00000068               : ll.o (.text)
                  00010cc4    00000068               : ll.o (.text)
                  00010d2c    00000068               : ll_common.o (.text)
                  00010d94    00000068               : ll_privacy.o (.text)
                  00010dfc    00000068     ble5_simple_peripheral_cc2640r2lp_stack_library.lib : osal_cbtimer.obj (.text:osal_CbTimerUpdate)
                  00010e64    00000066     ll_pxxx.a : ll_common.o (.text)
                  00010eca    00000066               : ll_common.o (.text)
                  00010f30    00000066               : ll_privacy.o (.text)
                  00010f96    00000002     rom_sysbios.aem3 : rom_sysbios.obj (.text:xdc_runtime_SysCallback_defaultExit)
                  00010f98    00000064     gap_pxxx.a : gap_linkmgr.o (.text)
                  00010ffc    00000064                : linkdb.o (.text)
                  00011060    00000064     ll_pxxx.a : ll_privacy.o (.text)
                  000110c4    00000064     profiles_pxxx.a : gattservapp.o (.text)
                  00011128    00000064                     : gattservapp.o (.text)
                  0001118c    00000064                     : gattservapp.o (.text)
                  000111f0    00000060     icall.obj (.text:ICall_createRemoteTasksAtRuntime)
                  00011250    00000060     icall.obj (.text:ICall_enrollService)
                  000112b0    00000060     drivers_cc26x0r2.aem3 : PowerCC26XX.oem3 (.text:PowerCC26XX_calibrate)
                  00011310    00000060     rf_singleMode_cc26x0r2.aem3 : RFCC26XX_singleMode.oem3 (.text:RF_dispatchNextEvent)
                  00011370    00000060     gap_pxxx.a : gap_linkmgr.o (.text)
                  000113d0    00000060                : gap_linkmgr.o (.text)
                  00011430    00000060                : gap_task.o (.text)
                  00011490    00000060     ll_pxxx.a : ll.o (.text)
                  000114f0    00000060               : ll_common.o (.text)
                  00011550    00000060               : ll_scheduler.o (.text)
                  000115b0    0000005f     rom_sysbios.aem3 : rom_sysbios.obj (.text:xdc_runtime_Text_putLab__E)
                  0001160f    00000001     --HOLE-- [fill = 0]
                  00011610    0000005e     icall.obj (.text:ICall_fetchMsg)
                  0001166e    0000005e     drivers_cc26x0r2.aem3 : UARTCC26XX.oem3 (.text:UARTCC26XX_swiIntFxn)
                  000116cc    0000005e     gatt_pxxx.a : gatt_client.o (.text)
                  0001172a    0000005e     ll_pxxx.a : ll_common.o (.text)
                  00011788    0000005c     drivers_cc26x0r2.aem3 : CryptoResourceCC26XX.oem3 (.text:CryptoResourceCC26XX_constructRTOSObjects)
[...]
200021a8  clientInfoTbl                                                             
200021ac  linkCmd                                                                   
200021b0  linkParam                                                                 
200021b4  rtosApiTblPtr                                                             
200021b8  dtmInfo                                                                   
200021bc  llCombineState                                                            
200021c0  LSTORecoveryArr                                                           
200021c4  pRfPathComp                                                               
200021c8  advSetList                                                                
200021cc  pRpaCfg                                                                   
200021d0  ClockP_tickPeriod                                                         
200021d4  tasksEvents                                                               
200021d8  trngCC26XXObjects                                                         
200021dc  connInitialMaxTxTimeUncoded                                               
200021de  connInitialMaxTxTimeCoded                                                 
200021e2  att_sendRspOnly                                                           
200021e4  hciTaskID                                                                 
200021e5  hciTestTaskID                                                             
200021e6  hciGapTaskID                                                              
200021e7  hciL2capTaskID                                                            
200021e8  hciSmpTaskID                                                              
200021e9  l2cap_gattServAppTaskID                                                   
200021ea  defaultPhy                                                                
200021eb  scanReqRpt                                                                
200021ec  aeCurHandle                                                               
200021ed  aeCurAdvEnableHandle                                                      
200021ee  aeCurConnHandle                                                           
200021f0  driverlib_release_0_56883                                                 
200021f1  icall_liteTaskId                                                          
200021f2  heapStart                                                                 
20004000  __stack                                                                   
20004000  heapEnd                                                                   
20004400  __STACK_END                                                               
20004400  __STACK_TOP                                                               
200044f8  RAM_BASE_ADDR                                                             
20004504  ROM_FlashJT                                                               
20004558  gapPeripheralCBs                                                          
20004564  gapPeripheralConnCBs                                                      
2000459c  slaveConnHandle                                                           
2000459e  nextHandle                                                                
200045a0  l2capMtuSize                                                              
200045a2  gapAppTaskID                                                              
200045a3  gapAdvAppTaskID                                                           
200045a4  gapUnwantedTaskID                                                         
200045a5  reqTaskId                                                                 
200045a6  gattAppTaskID                                                             
200045a7  appTaskID                                                                 
200045a8  flowCtrlTaskId                                                            
200045a9  SM_appTaskID                                                              
200046ec  scanDataEntry                                                             
200047cc  wlTable                                                                   
200048a8  wlTableScan                                                               
20004988  rfObject                                                                  
20004a20  advCmd                                                                    
20004a68  localEccKeys                                                              
20004aac  initDataEntry                                                             
20004b1c  l2capFixedChannels                                                        
20004b4c  linkCBs                                                                   
20004b7c  eccParams                                                                 
20004bac  initParam                                                                 
20004bd0  scanParam                                                                 
20004bf4  advParam                                                                  
20004c14  cryptoPRAND                                                               
20004c34  txModemTestCmd                                                            
20004c50  gapParams                                                                 
20004c6c  initCmd                                                                   
20004c84  connReqData                                                               
20004c9c  scanCmd                                                                   
20004cb4  scanOutput                                                                
20004ce4  rxModemTestCmd                                                            
20004cfc  rsp                                                                       
20004d14  fwParDtmCmd                                                               
20004d44  fwParRfCmd                                                                
20004d5c  connOutput                                                                
20004d70  rxTestParam                                                               
20004d84  initDataQueue                                                             
20004d94  scanDataQueue                                                             
20004da4  advDataQueue                                                              
20004db4  advOutput                                                                 
20004dc4  txTestParam                                                               
20004dd4  initOutput                                                                
20004de0  rxTestOut                                                                 
20004df8  cachedTRNGdata                                                            
20004e04  gapCurrentRandomAddr                                                      
20004e0c  slaveUpdateReq                                                            
20004e14  pBleEvtMask                                                               
20004e1c  pHciEvtMask                                                               
20004e24  pHciEvtMask2                                                              
20004e2c  ownPublicAddr                                                             
20004e34  ownRandomAddr                                                             
20004e3c  ownSavedPublicAddr                                                        
20004e44  fwImmedCmd                                                                
20004e4c  attServerNotifyTxCB                                                       
20004e50  rfEvent                                                                   
20004e58  fwParCmd                                                                  
20004e60  verInfo                                                                   
20004e68  llConns                                                                   
20004e70  fwParamImmedCmd                                                           
20004e78  privInfo                                                                  
20004e88  rxDataQ                                                                   
20004e8c  txDataQ                                                                   
20004e90  rxRingBuf                                                                 
20004e94  txTestOut                                                                 
20004e98  pGapDiscReq                                                               
20004e9c  pGapAdvertState                                                           
20004ea0  pEstLink                                                                  
20004ea4  pAuthLink                                                                 
20004ea8  pfnCentralConnCBs                                                         
20004eac  pfnPeripheralConnCBs                                                      
20004eb0  pGapAdvTokens                                                             
20004eb4  pGapAdData                                                                
20004eb8  pGapScanRspData                                                           
20004ebc  pfnPeripheralCBs                                                          
20004ec0  pfnCentralCBs                                                             
20004ec8  serverInfoTbl                                                             
20004ecc  pServiceList                                                              
20004ed0  pfnServerProcessMsgCB                                                     
20004ed4  pfnClientProcessMsgCB                                                     
20004ed8  prepareWritesTbl                                                          
20004edc  serviceCBsList                                                            
20004ee0  pAttrValue                                                                
20004ee4  l2capChannels                                                             
20004ee8  linkDB                                                                    
20004eec  rfHandle                                                                  
20004ef0  rfDrvTblPtr                                                               
20004ef4  eccDrvTblPtr                                                              
20004ef8  cryptoDrvTblPtr                                                           
20004efc  trngDrvTblPtr                                                             
20004f00  activeConns                                                               
20004f04  SysBootMsg                                                                
20004f08  sclkSrc                                                                   
20004f0c  buildInfo                                                                 
20004f10  advInfo                                                                   
20004f18  initInfo                                                                  
20004f20  taskEndAction                                                             
20004f24  encParams                                                                 
20004f28  encHandle                                                                 
20004f2c  encKey                                                                    
20004f30  pPairingParams                                                            
20004f34  pfnResponderCBs                                                           
20004f38  pfnInitiatorCBs                                                           
20004f3c  gapLimitedAdvertisingTimeout                                              
20004f3e  attrLen                                                                   
20004f40  numHostBufs                                                               
20004f42  rfCmdHandle                                                               
20004f44  connInitialMaxTxOctets                                                    
20004f46  connInitialMaxTxTime                                                      
20004f48  supportedMaxTxOctets                                                      
20004f4a  supportedMaxTxTime                                                        
20004f4c  supportedMaxRxOctets                                                      
20004f4e  supportedMaxRxTime                                                        
20004f50  taskEndStatus                                                             
20004f52  postRfOperations                                                          
20004f54  rfCfgAdiVal                                                               
20004f58  gapProfileRole                                                            
20004f59  gapDeviceAddrMode                                                         
20004f5a  gapState                                                                  
20004f5b  terminateAllTaskID                                                        
20004f5c  terminateReason                                                           
20004f5d  gapTaskID                                                                 
20004f5e  gattNumConns                                                              
20004f5f  gattTaskID                                                                
20004f60  GATTServApp_TaskID                                                        
20004f61  maxNumPrepareWrites                                                       
20004f62  hciPTMenabled                                                             
20004f63  ctrlToHostEnable                                                          
20004f64  l2capFlowCtrlMode                                                         
20004f65  l2capTaskID                                                               
20004f66  l2capNumChannels                                                          
20004f67  l2capNumDataPkts                                                          
20004f68  l2capId                                                                   
20004f69  linkDBNumConns                                                            
20004f6a  linkDB_secureConnectionOnlyMode                                           
20004f6b  maxPduSize                                                                
20004f6c  rfFeModeBias                                                              
20004f6d  maxNumTxDataBufs                                                          
20004f6e  LL_TaskID                                                                 
20004f6f  llState                                                                   
20004f70  rssiCorrection                                                            
20004f71  curTxPowerVal                                                             
20004f72  maxTxPwrForDTM                                                            
20004f73  onePktPerEvt                                                              
20004f74  numComplPkts                                                              
20004f75  numComplPktsLimit                                                         
20004f76  numComplPktsFlush                                                         
20004f77  fastTxRespTime                                                            
20004f78  slOverride                                                                
20004f79  rxFifoFlowCtrl                                                            
20004f7a  numTxDataBufs                                                             
20004f7b  maxNumConns                                                               
20004f7c  smTaskID                                                                  
20004f7d  SM_appExpectingKey                                                        
20004f80  ECC_DATA$$Base                                                            
20004f80  eccRom_param_Gx                                                           
20004f84  eccRom_param_Gy                                                           
20004f88  eccRom_workzone                                                           
20004f8c  eccRom_param_p                                                            
20004f90  eccRom_param_r                                                            
20004f94  eccRom_param_a                                                            
20004f98  eccRom_param_b                                                            
20004f9c  eccRom_windowSize                                                         
20004fa0  aux64                                                                     
20004fa8  MOD                                                                       
20004fac  LEN                                                                       
20004fb0  inScalar                                                                  
20004fb4  inPointX                                                                  
20004fb8  inPointY                                                                  
20004fbc  outPointX                                                                 
20004fc0  outPointY                                                                 
20004fc4  SCAL                                                                      
20004fc8  EXPX                                                                      
20004fcc  EXPY                                                                      
20004fd0  EXPZ                                                                      
20004fd4  EXPW                                                                      
20004fd8  ACCX                                                                      
20004fdc  ACCY                                                                      
20004fe0  ACCZ                                                                      
20004fe4  TMP1                                                                      
20004fe8  TMP2                                                                      
20004fec  TMP3                                                                      
20004ff0  TMP4                                                                      
20004ff4  TMP5                                                                      
20004ff8  TMP6                                                                      
20004ffc  MSBMOD                                                                    
20005000  ECC_DATA$$Limit                                                           
20005000  __UNUSED_SRAM_end__                                                       
e000e000  ti_sysbios_family_arm_m3_Hwi_nvic                                         
ffffffff  __TI_pprof_out_hndl                                                       
ffffffff  __TI_prof_data_size                                                       
ffffffff  __TI_prof_data_start                                                      
ffffffff  __binit__                                                                 
ffffffff  __c_args__                                                                
ffffffff  binit                                                                     
UNDEFED   SHT$$INIT_ARRAY$$Base                                                     
UNDEFED   SHT$$INIT_ARRAY$$Limit                                                    

[2389 symbols]
