******************************************************************************
                  TI ARM Linker PC v20.2.1                     
******************************************************************************
>> Linked Sun Oct  4 17:19:06 2020

OUTPUT FILE NAME:   <ble5_simple_peripheral_cc2640r2lp_app.out>
ENTRY POINT SYMBOL: "ResetISR"  address: 00013a61


MEMORY CONFIGURATION

         name            origin    length      used     unused   attr    fill
----------------------  --------  ---------  --------  --------  ----  --------
  FLASH                 00000000   0001f000  0001c426  00002bda  R  X
  FLASH_LAST_PAGE       0001f000   00001000  00000058  00000fa8  R  X
  SRAM                  20000000   00004400  0000283c  00001bc4  RW X


SEGMENT ALLOCATION MAP

run origin  load origin   length   init length attrs members
----------  ----------- ---------- ----------- ----- -------
00000000    00000000    0001b42c   0001b42c    r-x
  00000000    00000000    0000003c   0000003c    r-- .resetVecs
  0000003c    0000003c    00000fc4   00000fc4    r-x .text.1
  00001000    00001000    00000028   00000028    r-- .const:ti_sysbios_heaps_HeapMem_Module__FXNS__C
  00001028    00001028    00000024   00000024    r-- .const:ti_sysbios_gates_GateHwi_Module__FXNS__C
  0000104c    0000104c    00000024   00000024    r-- .const:ti_sysbios_gates_GateMutex_Module__FXNS__C
  00001070    00001070    00000020   00000020    r-- .const:ti_sysbios_family_arm_m3_Hwi_Object__DESC__C
  00001090    00001090    00000020   00000020    r-- .const:ti_sysbios_gates_GateHwi_Object__DESC__C
  000010b0    000010b0    00000020   00000020    r-- .const:ti_sysbios_gates_GateMutex_Object__DESC__C
  000010d0    000010d0    00000020   00000020    r-- .const:ti_sysbios_hal_Hwi_Object__DESC__C
  000010f0    000010f0    00000020   00000020    r-- .const:ti_sysbios_heaps_HeapMem_Object__DESC__C
  00001110    00001110    00000020   00000020    r-- .const:ti_sysbios_knl_Clock_Object__DESC__C
  00001130    00001130    00000020   00000020    r-- .const:ti_sysbios_knl_Event_Object__DESC__C
  00001150    00001150    00000020   00000020    r-- .const:ti_sysbios_knl_Mailbox_Object__DESC__C
  00001170    00001170    00000020   00000020    r-- .const:ti_sysbios_knl_Queue_Object__DESC__C
  00001190    00001190    00000020   00000020    r-- .const:ti_sysbios_knl_Semaphore_Object__DESC__C
  000011b0    000011b0    00000020   00000020    r-- .const:ti_sysbios_knl_Swi_Object__DESC__C
  000011d0    000011d0    00000020   00000020    r-- .const:ti_sysbios_knl_Task_Object__DESC__C
  000011f0    000011f0    00000008   00000008    r-- .const:ti_sysbios_knl_Idle_funcList__C
  000011f8    000011f8    00000004   00000004    r-- .const:ti_sysbios_family_arm_cc26xx_Timer_startupNeeded__C
  000011fc    000011fc    00000004   00000004    r-- .const:ti_sysbios_family_arm_m3_Hwi_E_alreadyDefined__C
  00001200    00001200    00000004   00000004    r-- .const:ti_sysbios_family_arm_m3_Hwi_E_hwiLimitExceeded__C
  00001204    00001204    00000004   00000004    r-- .const:ti_sysbios_family_arm_m3_Hwi_NUM_INTERRUPTS__C
  00001208    00001208    00000004   00000004    r-- .const:ti_sysbios_family_arm_m3_Hwi_Object__count__C
  0000120c    0000120c    00000004   00000004    r-- .const:ti_sysbios_family_arm_m3_Hwi_Object__table__C
  00001210    00001210    00000004   00000004    r-- .const:ti_sysbios_family_arm_m3_Hwi_ccr__C
  00001214    00001214    00000004   00000004    r-- .const:ti_sysbios_family_arm_m3_Hwi_excHandlerFunc__C
  00001218    00001218    00000004   00000004    r-- .const:ti_sysbios_family_arm_m3_Hwi_nullIsrFunc__C
  0000121c    0000121c    00000004   00000004    r-- .const:ti_sysbios_family_arm_m3_Hwi_numSparseInterrupts__C
  00001220    00001220    00000004   00000004    r-- .const:ti_sysbios_family_arm_m3_Hwi_priGroup__C
  00001224    00001224    00000004   00000004    r-- .const:ti_sysbios_family_arm_m3_TaskSupport_stackAlignment__C
  00001228    00001228    00000004   00000004    r-- .const:ti_sysbios_heaps_HeapMem_E_memory__C
  0000122c    0000122c    00000004   00000004    r-- .const:ti_sysbios_heaps_HeapMem_Module__gateObj__C
  00001230    00001230    00000004   00000004    r-- .const:ti_sysbios_heaps_HeapMem_Object__count__C
  00001234    00001234    00000004   00000004    r-- .const:ti_sysbios_heaps_HeapMem_Object__table__C
  00001238    00001238    00000004   00000004    r-- .const:ti_sysbios_heaps_HeapMem_reqAlign__C
  0000123c    0000123c    00000004   00000004    r-- .const:ti_sysbios_knl_Clock_triggerClock__C
  00001240    00001240    00000004   00000004    r-- .const:ti_sysbios_knl_Mailbox_Object__count__C
  00001244    00001244    00000004   00000004    r-- .const:ti_sysbios_knl_Mailbox_Object__table__C
  00001248    00001248    00000004   00000004    r-- .const:ti_sysbios_knl_Mailbox_maxTypeAlign__C
  0000124c    0000124c    00000004   00000004    r-- .const:ti_sysbios_knl_Queue_Object__count__C
  00001250    00001250    00000004   00000004    r-- .const:ti_sysbios_knl_Queue_Object__table__C
  00001254    00001254    00000004   00000004    r-- .const:ti_sysbios_knl_Semaphore_eventPost__C
  00001258    00001258    00000004   00000004    r-- .const:ti_sysbios_knl_Semaphore_eventSync__C
  0000125c    0000125c    00000004   00000004    r-- .const:ti_sysbios_knl_Swi_Object__count__C
  00001260    00001260    00000004   00000004    r-- .const:ti_sysbios_knl_Swi_Object__table__C
  00001264    00001264    00000004   00000004    r-- .const:ti_sysbios_knl_Swi_numPriorities__C
  00001268    00001268    00000004   00000004    r-- .const:ti_sysbios_knl_Task_Object__count__C
  0000126c    0000126c    00000004   00000004    r-- .const:ti_sysbios_knl_Task_Object__table__C
  00001270    00001270    00000004   00000004    r-- .const:ti_sysbios_knl_Task_allBlockedFunc__C
  00001274    00001274    00000004   00000004    r-- .const:ti_sysbios_knl_Task_defaultStackHeap__C
  00001278    00001278    00000004   00000004    r-- .const:ti_sysbios_knl_Task_defaultStackSize__C
  0000127c    0000127c    00000004   00000004    r-- .const:ti_sysbios_knl_Task_numConstructedTasks__C
  00001280    00001280    00000002   00000002    r-- .const:ti_sysbios_family_arm_cc26xx_Timer_Module__id__C
  00001282    00001282    00000002   00000002    r-- .const:ti_sysbios_family_arm_cc26xx_TimestampProvider_useClockTimer__C
  00001284    00001284    00000002   00000002    r-- .const:ti_sysbios_family_arm_m3_Hwi_Module__id__C
  00001286    00001286    00000002   00000002    r-- .const:ti_sysbios_gates_GateHwi_Module__id__C
  00001288    00001288    00000002   00000002    r-- .const:ti_sysbios_gates_GateMutex_Module__id__C
  0000128a    0000128a    00000002   00000002    r-- .const:ti_sysbios_heaps_HeapMem_Module__id__C
  0000128c    0000128c    00000002   00000002    r-- .const:ti_sysbios_knl_Task_initStackFlag__C
  0000128e    0000128e    00000001   00000001    r-- .const:ti_sysbios_knl_Clock_tickMode__C
  00001290    00001290    00000008   00000008    r-- .const:xdc_runtime_Startup_firstFxns__C
  00001298    00001298    00000008   00000008    r-- .const:xdc_runtime_Startup_lastFxns__C
  000012a0    000012a0    00000004   00000004    r-- .const:xdc_runtime_Assert_E_assertFailed__C
  000012a4    000012a4    00000004   00000004    r-- .const:xdc_runtime_Error_E_memory__C
  000012a8    000012a8    00000004   00000004    r-- .const:xdc_runtime_Error_policyFxn__C
  000012ac    000012ac    00000004   00000004    r-- .const:xdc_runtime_Error_raiseHook__C
  000012b0    000012b0    00000004   00000004    r-- .const:xdc_runtime_IGateProvider_Interface__BASE__C
  000012b4    000012b4    00000004   00000004    r-- .const:xdc_runtime_IHeap_Interface__BASE__C
  000012b8    000012b8    00000004   00000004    r-- .const:xdc_runtime_IModule_Interface__BASE__C
  000012bc    000012bc    00000004   00000004    r-- .const:xdc_runtime_Memory_defaultHeapInstance__C
  000012c0    000012c0    00000004   00000004    r-- .const:xdc_runtime_Startup_execImpl__C
  000012c4    000012c4    00000004   00000004    r-- .const:xdc_runtime_Startup_maxPasses__C
  000012c8    000012c8    00000004   00000004    r-- .const:xdc_runtime_Startup_sfxnRts__C
  000012cc    000012cc    00000004   00000004    r-- .const:xdc_runtime_Startup_sfxnTab__C
  000012d0    000012d0    00000004   00000004    r-- .const:xdc_runtime_Startup_startModsFxn__C
  000012d4    000012d4    00000004   00000004    r-- .const:xdc_runtime_SysCallback_abortFxn__C
  000012d8    000012d8    00000004   00000004    r-- .const:xdc_runtime_SysCallback_exitFxn__C
  000012dc    000012dc    00000004   00000004    r-- .const:xdc_runtime_System_abortFxn__C
  000012e0    000012e0    00000004   00000004    r-- .const:xdc_runtime_System_exitFxn__C
  000012e4    000012e4    00000004   00000004    r-- .const:xdc_runtime_System_maxAtexitHandlers__C
  000012e8    000012e8    00000004   00000004    r-- .const:xdc_runtime_Text_charTab__C
  000012ec    000012ec    00000004   00000004    r-- .const:xdc_runtime_Text_nameEmpty__C
  000012f0    000012f0    00000004   00000004    r-- .const:xdc_runtime_Text_nameStatic__C
  000012f4    000012f4    00000004   00000004    r-- .const:xdc_runtime_Text_nameUnknown__C
  000012f8    000012f8    00000002   00000002    r-- .const:xdc_runtime_Error_maxDepth__C
  000012fa    000012fa    00000002   00000002    r-- .const:xdc_runtime_Memory_Module__id__C
  000012fc    000012fc    00000002   00000002    r-- .const:xdc_runtime_Text_charCnt__C
  000012fe    000012fe    00000002   00000002    r-- .const:xdc_runtime_Text_isLoaded__C
  00001300    00001300    00000001   00000001    r-- .const:xdc_runtime_Error_policy__C
  00001304    00001304    00000004   00000004    r-- .const:ti_sysbios_rom_ROM_ti_sysbios_family_arm_cc26xx_Timer_getCount64__E
  00001308    00001308    00000004   00000004    r-- .const:ti_sysbios_rom_ROM_ti_sysbios_family_arm_cc26xx_Timer_getCurrentTick__E
  0000130c    0000130c    00000004   00000004    r-- .const:ti_sysbios_rom_ROM_ti_sysbios_family_arm_cc26xx_Timer_getMaxTicks__E
  00001310    00001310    00000004   00000004    r-- .const:ti_sysbios_rom_ROM_ti_sysbios_family_arm_cc26xx_Timer_initDevice__I
  00001314    00001314    00000004   00000004    r-- .const:ti_sysbios_rom_ROM_ti_sysbios_family_arm_cc26xx_Timer_setNextTick__E
  00001318    00001318    00000004   00000004    r-- .const:ti_sysbios_rom_ROM_ti_sysbios_family_arm_cc26xx_Timer_setThreshold__I
  0000131c    0000131c    00000004   00000004    r-- .const:ti_sysbios_rom_ROM_ti_sysbios_family_arm_cc26xx_Timer_start__E
  00001320    00001320    00000004   00000004    r-- .const:ti_sysbios_rom_ROM_ti_sysbios_family_arm_cc26xx_TimestampProvider_get32__E
  00001324    00001324    00000004   00000004    r-- .const:ti_sysbios_rom_ROM_xdc_runtime_Startup_getState__I
  00001328    00001328    00000004   00000004    r-- .const:ti_sysbios_rom_ROM_xdc_runtime_System_SupportProxy_abort__E
  0000132c    0000132c    00000004   00000004    r-- .const:ti_sysbios_rom_ROM_xdc_runtime_System_SupportProxy_exit__E
  00001330    00001330    00016984   00016984    r-x .text.2
  00017cb4    00017cb4    00001014   00001014    r-- .const
  00018cc8    00018cc8    00000e96   00000e96    r-- .rodata
  00019b60    00019b60    000018cc   000018cc    r-- .cinit
0001d000    0001d000    00001000   00001000    r--
  0001d000    0001d000    00001000   00001000    r-- .TI.bound:NV_FLASH
0001ffa8    0001ffa8    00000058   00000058    r--
  0001ffa8    0001ffa8    00000058   00000058    r-- .ccfg
20000100    20000100    00002376   00000000    rw-
  20000100    20000100    00000044   00000000    rw- .data:ti_sysbios_knl_Task_Module__state__V
  20000144    20000144    00000034   00000000    rw- .data:ti_sysbios_family_arm_m3_Hwi_Module__state__V
  20000178    20000178    0000002c   00000000    rw- .data:ti_sysbios_knl_Clock_Module__state__V
  200001a4    200001a4    00000024   00000000    rw- .data:ti_sysbios_BIOS_Module__state__V
  200001c8    200001c8    0000001c   00000000    rw- .data:ti_sysbios_knl_Swi_Module__state__V
  200001e4    200001e4    00000008   00000000    rw- .data:ti_sysbios_family_arm_cc26xx_Timer_Module__state__V
  200001ec    200001ec    00000004   00000000    rw- .data:ti_sysbios_family_arm_cc26xx_TimestampProvider_Module__state__V
  200001f0    200001f0    00000008   00000000    rw- .data:xdc_runtime_Startup_Module__state__V
  200001f8    200001f8    00000008   00000000    rw- .data:xdc_runtime_System_Module__state__V
  20000200    20000200    00000004   00000000    rw- .data:xdc_runtime_Memory_Module__state__V
  20000204    20000204    00000002   00000000    rw- .data:xdc_runtime_Error_Module__state__V
  20000208    20000208    00001780   00000000    rw- .data
  20001988    20001988    00000aee   00000000    rw- .bss
20004000    20004000    00000400   00000000    rw-
  20004000    20004000    00000400   00000000    rw- .stack


SECTION ALLOCATION MAP

 output                                  attributes/
section   page    origin      length       input sections
--------  ----  ----------  ----------   ----------------
.const:ti_sysbios_heaps_HeapMem_Module__FXNS__C 
*          0    00001000    00000028     
                  00001000    00000028     app_ble_pem3.oem3 (.const:ti_sysbios_heaps_HeapMem_Module__FXNS__C)

.const:ti_sysbios_gates_GateHwi_Module__FXNS__C 
*          0    00001028    00000024     
                  00001028    00000024     app_ble_pem3.oem3 (.const:ti_sysbios_gates_GateHwi_Module__FXNS__C)

.const:ti_sysbios_gates_GateMutex_Module__FXNS__C 
*          0    0000104c    00000024     
                  0000104c    00000024     app_ble_pem3.oem3 (.const:ti_sysbios_gates_GateMutex_Module__FXNS__C)

.const:ti_sysbios_family_arm_m3_Hwi_Object__DESC__C 
*          0    00001070    00000020     
                  00001070    00000020     app_ble_pem3.oem3 (.const:ti_sysbios_family_arm_m3_Hwi_Object__DESC__C)

.const:ti_sysbios_gates_GateHwi_Object__DESC__C 
*          0    00001090    00000020     
                  00001090    00000020     app_ble_pem3.oem3 (.const:ti_sysbios_gates_GateHwi_Object__DESC__C)

.const:ti_sysbios_gates_GateMutex_Object__DESC__C 
*          0    000010b0    00000020     
                  000010b0    00000020     app_ble_pem3.oem3 (.const:ti_sysbios_gates_GateMutex_Object__DESC__C)

.const:ti_sysbios_hal_Hwi_Object__DESC__C 
*          0    000010d0    00000020     
                  000010d0    00000020     app_ble_pem3.oem3 (.const:ti_sysbios_hal_Hwi_Object__DESC__C)

.const:ti_sysbios_heaps_HeapMem_Object__DESC__C 
*          0    000010f0    00000020     
                  000010f0    00000020     app_ble_pem3.oem3 (.const:ti_sysbios_heaps_HeapMem_Object__DESC__C)

.const:ti_sysbios_knl_Clock_Object__DESC__C 
*          0    00001110    00000020     
                  00001110    00000020     app_ble_pem3.oem3 (.const:ti_sysbios_knl_Clock_Object__DESC__C)

.const:ti_sysbios_knl_Event_Object__DESC__C 
*          0    00001130    00000020     
                  00001130    00000020     app_ble_pem3.oem3 (.const:ti_sysbios_knl_Event_Object__DESC__C)

.const:ti_sysbios_knl_Mailbox_Object__DESC__C 
*          0    00001150    00000020     
                  00001150    00000020     app_ble_pem3.oem3 (.const:ti_sysbios_knl_Mailbox_Object__DESC__C)

.const:ti_sysbios_knl_Queue_Object__DESC__C 
*          0    00001170    00000020     
                  00001170    00000020     app_ble_pem3.oem3 (.const:ti_sysbios_knl_Queue_Object__DESC__C)

.const:ti_sysbios_knl_Semaphore_Object__DESC__C 
*          0    00001190    00000020     
                  00001190    00000020     app_ble_pem3.oem3 (.const:ti_sysbios_knl_Semaphore_Object__DESC__C)

.const:ti_sysbios_knl_Swi_Object__DESC__C 
*          0    000011b0    00000020     
                  000011b0    00000020     app_ble_pem3.oem3 (.const:ti_sysbios_knl_Swi_Object__DESC__C)

.const:ti_sysbios_knl_Task_Object__DESC__C 
*          0    000011d0    00000020     
                  000011d0    00000020     app_ble_pem3.oem3 (.const:ti_sysbios_knl_Task_Object__DESC__C)

.const:ti_sysbios_knl_Idle_funcList__C 
*          0    000011f0    00000008     
                  000011f0    00000008     app_ble_pem3.oem3 (.const:ti_sysbios_knl_Idle_funcList__C)

.const:ti_sysbios_family_arm_cc26xx_Timer_startupNeeded__C 
*          0    000011f8    00000004     
                  000011f8    00000004     app_ble_pem3.oem3 (.const:ti_sysbios_family_arm_cc26xx_Timer_startupNeeded__C)

.const:ti_sysbios_family_arm_m3_Hwi_E_alreadyDefined__C 
*          0    000011fc    00000004     
                  000011fc    00000004     app_ble_pem3.oem3 (.const:ti_sysbios_family_arm_m3_Hwi_E_alreadyDefined__C)

.const:ti_sysbios_family_arm_m3_Hwi_E_hwiLimitExceeded__C 
*          0    00001200    00000004     
                  00001200    00000004     app_ble_pem3.oem3 (.const:ti_sysbios_family_arm_m3_Hwi_E_hwiLimitExceeded__C)

.const:ti_sysbios_family_arm_m3_Hwi_NUM_INTERRUPTS__C 
*          0    00001204    00000004     
                  00001204    00000004     app_ble_pem3.oem3 (.const:ti_sysbios_family_arm_m3_Hwi_NUM_INTERRUPTS__C)

.const:ti_sysbios_family_arm_m3_Hwi_Object__count__C 
*          0    00001208    00000004     
                  00001208    00000004     app_ble_pem3.oem3 (.const:ti_sysbios_family_arm_m3_Hwi_Object__count__C)

.const:ti_sysbios_family_arm_m3_Hwi_Object__table__C 
*          0    0000120c    00000004     
                  0000120c    00000004     app_ble_pem3.oem3 (.const:ti_sysbios_family_arm_m3_Hwi_Object__table__C)

.const:ti_sysbios_family_arm_m3_Hwi_ccr__C 
*          0    00001210    00000004     
                  00001210    00000004     app_ble_pem3.oem3 (.const:ti_sysbios_family_arm_m3_Hwi_ccr__C)

.const:ti_sysbios_family_arm_m3_Hwi_excHandlerFunc__C 
*          0    00001214    00000004     
                  00001214    00000004     app_ble_pem3.oem3 (.const:ti_sysbios_family_arm_m3_Hwi_excHandlerFunc__C)

.const:ti_sysbios_family_arm_m3_Hwi_nullIsrFunc__C 
*          0    00001218    00000004     
                  00001218    00000004     app_ble_pem3.oem3 (.const:ti_sysbios_family_arm_m3_Hwi_nullIsrFunc__C)

.const:ti_sysbios_family_arm_m3_Hwi_numSparseInterrupts__C 
*          0    0000121c    00000004     
                  0000121c    00000004     app_ble_pem3.oem3 (.const:ti_sysbios_family_arm_m3_Hwi_numSparseInterrupts__C)

.const:ti_sysbios_family_arm_m3_Hwi_priGroup__C 
*          0    00001220    00000004     
                  00001220    00000004     app_ble_pem3.oem3 (.const:ti_sysbios_family_arm_m3_Hwi_priGroup__C)

.const:ti_sysbios_family_arm_m3_TaskSupport_stackAlignment__C 
*          0    00001224    00000004     
                  00001224    00000004     app_ble_pem3.oem3 (.const:ti_sysbios_family_arm_m3_TaskSupport_stackAlignment__C)

.const:ti_sysbios_heaps_HeapMem_E_memory__C 
*          0    00001228    00000004     
                  00001228    00000004     app_ble_pem3.oem3 (.const:ti_sysbios_heaps_HeapMem_E_memory__C)

.const:ti_sysbios_heaps_HeapMem_Module__gateObj__C 
*          0    0000122c    00000004     
                  0000122c    00000004     app_ble_pem3.oem3 (.const:ti_sysbios_heaps_HeapMem_Module__gateObj__C)

.const:ti_sysbios_heaps_HeapMem_Object__count__C 
*          0    00001230    00000004     
                  00001230    00000004     app_ble_pem3.oem3 (.const:ti_sysbios_heaps_HeapMem_Object__count__C)

.const:ti_sysbios_heaps_HeapMem_Object__table__C 
*          0    00001234    00000004     
                  00001234    00000004     app_ble_pem3.oem3 (.const:ti_sysbios_heaps_HeapMem_Object__table__C)

.const:ti_sysbios_heaps_HeapMem_reqAlign__C 
*          0    00001238    00000004     
                  00001238    00000004     app_ble_pem3.oem3 (.const:ti_sysbios_heaps_HeapMem_reqAlign__C)

.const:ti_sysbios_knl_Clock_triggerClock__C 
*          0    0000123c    00000004     
                  0000123c    00000004     app_ble_pem3.oem3 (.const:ti_sysbios_knl_Clock_triggerClock__C)

.const:ti_sysbios_knl_Mailbox_Object__count__C 
*          0    00001240    00000004     
                  00001240    00000004     app_ble_pem3.oem3 (.const:ti_sysbios_knl_Mailbox_Object__count__C)

.const:ti_sysbios_knl_Mailbox_Object__table__C 
*          0    00001244    00000004     
                  00001244    00000004     app_ble_pem3.oem3 (.const:ti_sysbios_knl_Mailbox_Object__table__C)

.const:ti_sysbios_knl_Mailbox_maxTypeAlign__C 
*          0    00001248    00000004     
                  00001248    00000004     app_ble_pem3.oem3 (.const:ti_sysbios_knl_Mailbox_maxTypeAlign__C)

.const:ti_sysbios_knl_Queue_Object__count__C 
*          0    0000124c    00000004     
                  0000124c    00000004     app_ble_pem3.oem3 (.const:ti_sysbios_knl_Queue_Object__count__C)

.const:ti_sysbios_knl_Queue_Object__table__C 
*          0    00001250    00000004     
                  00001250    00000004     app_ble_pem3.oem3 (.const:ti_sysbios_knl_Queue_Object__table__C)

.const:ti_sysbios_knl_Semaphore_eventPost__C 
*          0    00001254    00000004     
                  00001254    00000004     app_ble_pem3.oem3 (.const:ti_sysbios_knl_Semaphore_eventPost__C)

.const:ti_sysbios_knl_Semaphore_eventSync__C 
*          0    00001258    00000004     
                  00001258    00000004     app_ble_pem3.oem3 (.const:ti_sysbios_knl_Semaphore_eventSync__C)

.const:ti_sysbios_knl_Swi_Object__count__C 
*          0    0000125c    00000004     
                  0000125c    00000004     app_ble_pem3.oem3 (.const:ti_sysbios_knl_Swi_Object__count__C)

.const:ti_sysbios_knl_Swi_Object__table__C 
*          0    00001260    00000004     
                  00001260    00000004     app_ble_pem3.oem3 (.const:ti_sysbios_knl_Swi_Object__table__C)

.const:ti_sysbios_knl_Swi_numPriorities__C 
*          0    00001264    00000004     
                  00001264    00000004     app_ble_pem3.oem3 (.const:ti_sysbios_knl_Swi_numPriorities__C)

.const:ti_sysbios_knl_Task_Object__count__C 
*          0    00001268    00000004     
                  00001268    00000004     app_ble_pem3.oem3 (.const:ti_sysbios_knl_Task_Object__count__C)

.const:ti_sysbios_knl_Task_Object__table__C 
*          0    0000126c    00000004     
                  0000126c    00000004     app_ble_pem3.oem3 (.const:ti_sysbios_knl_Task_Object__table__C)

.const:ti_sysbios_knl_Task_allBlockedFunc__C 
*          0    00001270    00000004     
                  00001270    00000004     app_ble_pem3.oem3 (.const:ti_sysbios_knl_Task_allBlockedFunc__C)

.const:ti_sysbios_knl_Task_defaultStackHeap__C 
*          0    00001274    00000004     
                  00001274    00000004     app_ble_pem3.oem3 (.const:ti_sysbios_knl_Task_defaultStackHeap__C)

.const:ti_sysbios_knl_Task_defaultStackSize__C 
*          0    00001278    00000004     
                  00001278    00000004     app_ble_pem3.oem3 (.const:ti_sysbios_knl_Task_defaultStackSize__C)

.const:ti_sysbios_knl_Task_numConstructedTasks__C 
*          0    0000127c    00000004     
                  0000127c    00000004     app_ble_pem3.oem3 (.const:ti_sysbios_knl_Task_numConstructedTasks__C)

.const:ti_sysbios_family_arm_cc26xx_Timer_Module__id__C 
*          0    00001280    00000002     
                  00001280    00000002     app_ble_pem3.oem3 (.const:ti_sysbios_family_arm_cc26xx_Timer_Module__id__C)

.const:ti_sysbios_family_arm_cc26xx_TimestampProvider_useClockTimer__C 
*          0    00001282    00000002     
                  00001282    00000002     app_ble_pem3.oem3 (.const:ti_sysbios_family_arm_cc26xx_TimestampProvider_useClockTimer__C)

.const:ti_sysbios_family_arm_m3_Hwi_Module__id__C 
*          0    00001284    00000002     
                  00001284    00000002     app_ble_pem3.oem3 (.const:ti_sysbios_family_arm_m3_Hwi_Module__id__C)

.const:ti_sysbios_gates_GateHwi_Module__id__C 
*          0    00001286    00000002     
                  00001286    00000002     app_ble_pem3.oem3 (.const:ti_sysbios_gates_GateHwi_Module__id__C)

.const:ti_sysbios_gates_GateMutex_Module__id__C 
*          0    00001288    00000002     
                  00001288    00000002     app_ble_pem3.oem3 (.const:ti_sysbios_gates_GateMutex_Module__id__C)

.const:ti_sysbios_heaps_HeapMem_Module__id__C 
*          0    0000128a    00000002     
                  0000128a    00000002     app_ble_pem3.oem3 (.const:ti_sysbios_heaps_HeapMem_Module__id__C)

.const:ti_sysbios_knl_Task_initStackFlag__C 
*          0    0000128c    00000002     
                  0000128c    00000002     app_ble_pem3.oem3 (.const:ti_sysbios_knl_Task_initStackFlag__C)

.const:ti_sysbios_knl_Clock_tickMode__C 
*          0    0000128e    00000001     
                  0000128e    00000001     app_ble_pem3.oem3 (.const:ti_sysbios_knl_Clock_tickMode__C)

.const:xdc_runtime_Startup_firstFxns__C 
*          0    00001290    00000008     
                  00001290    00000008     app_ble_pem3.oem3 (.const:xdc_runtime_Startup_firstFxns__C)

.const:xdc_runtime_Startup_lastFxns__C 
*          0    00001298    00000008     
                  00001298    00000008     app_ble_pem3.oem3 (.const:xdc_runtime_Startup_lastFxns__C)

.const:xdc_runtime_Assert_E_assertFailed__C 
*          0    000012a0    00000004     
                  000012a0    00000004     app_ble_pem3.oem3 (.const:xdc_runtime_Assert_E_assertFailed__C)

.const:xdc_runtime_Error_E_memory__C 
*          0    000012a4    00000004     
                  000012a4    00000004     app_ble_pem3.oem3 (.const:xdc_runtime_Error_E_memory__C)

.const:xdc_runtime_Error_policyFxn__C 
*          0    000012a8    00000004     
                  000012a8    00000004     app_ble_pem3.oem3 (.const:xdc_runtime_Error_policyFxn__C)

.const:xdc_runtime_Error_raiseHook__C 
*          0    000012ac    00000004     
                  000012ac    00000004     app_ble_pem3.oem3 (.const:xdc_runtime_Error_raiseHook__C)

.const:xdc_runtime_IGateProvider_Interface__BASE__C 
*          0    000012b0    00000004     
                  000012b0    00000004     app_ble_pem3.oem3 (.const:xdc_runtime_IGateProvider_Interface__BASE__C)

.const:xdc_runtime_IHeap_Interface__BASE__C 
*          0    000012b4    00000004     
                  000012b4    00000004     app_ble_pem3.oem3 (.const:xdc_runtime_IHeap_Interface__BASE__C)

.const:xdc_runtime_IModule_Interface__BASE__C 
*          0    000012b8    00000004     
                  000012b8    00000004     app_ble_pem3.oem3 (.const:xdc_runtime_IModule_Interface__BASE__C)

.const:xdc_runtime_Memory_defaultHeapInstance__C 
*          0    000012bc    00000004     
                  000012bc    00000004     app_ble_pem3.oem3 (.const:xdc_runtime_Memory_defaultHeapInstance__C)

.const:xdc_runtime_Startup_execImpl__C 
*          0    000012c0    00000004     
                  000012c0    00000004     app_ble_pem3.oem3 (.const:xdc_runtime_Startup_execImpl__C)

.const:xdc_runtime_Startup_maxPasses__C 
*          0    000012c4    00000004     
                  000012c4    00000004     app_ble_pem3.oem3 (.const:xdc_runtime_Startup_maxPasses__C)

.const:xdc_runtime_Startup_sfxnRts__C 
*          0    000012c8    00000004     
                  000012c8    00000004     app_ble_pem3.oem3 (.const:xdc_runtime_Startup_sfxnRts__C)

.const:xdc_runtime_Startup_sfxnTab__C 
*          0    000012cc    00000004     
                  000012cc    00000004     app_ble_pem3.oem3 (.const:xdc_runtime_Startup_sfxnTab__C)

.const:xdc_runtime_Startup_startModsFxn__C 
*          0    000012d0    00000004     
                  000012d0    00000004     app_ble_pem3.oem3 (.const:xdc_runtime_Startup_startModsFxn__C)

.const:xdc_runtime_SysCallback_abortFxn__C 
*          0    000012d4    00000004     
                  000012d4    00000004     app_ble_pem3.oem3 (.const:xdc_runtime_SysCallback_abortFxn__C)

.const:xdc_runtime_SysCallback_exitFxn__C 
*          0    000012d8    00000004     
                  000012d8    00000004     app_ble_pem3.oem3 (.const:xdc_runtime_SysCallback_exitFxn__C)

.const:xdc_runtime_System_abortFxn__C 
*          0    000012dc    00000004     
                  000012dc    00000004     app_ble_pem3.oem3 (.const:xdc_runtime_System_abortFxn__C)

.const:xdc_runtime_System_exitFxn__C 
*          0    000012e0    00000004     
                  000012e0    00000004     app_ble_pem3.oem3 (.const:xdc_runtime_System_exitFxn__C)

.const:xdc_runtime_System_maxAtexitHandlers__C 
*          0    000012e4    00000004     
                  000012e4    00000004     app_ble_pem3.oem3 (.const:xdc_runtime_System_maxAtexitHandlers__C)

.const:xdc_runtime_Text_charTab__C 
*          0    000012e8    00000004     
                  000012e8    00000004     app_ble_pem3.oem3 (.const:xdc_runtime_Text_charTab__C)

.const:xdc_runtime_Text_nameEmpty__C 
*          0    000012ec    00000004     
                  000012ec    00000004     app_ble_pem3.oem3 (.const:xdc_runtime_Text_nameEmpty__C)

.const:xdc_runtime_Text_nameStatic__C 
*          0    000012f0    00000004     
                  000012f0    00000004     app_ble_pem3.oem3 (.const:xdc_runtime_Text_nameStatic__C)

.const:xdc_runtime_Text_nameUnknown__C 
*          0    000012f4    00000004     
                  000012f4    00000004     app_ble_pem3.oem3 (.const:xdc_runtime_Text_nameUnknown__C)

.const:xdc_runtime_Error_maxDepth__C 
*          0    000012f8    00000002     
                  000012f8    00000002     app_ble_pem3.oem3 (.const:xdc_runtime_Error_maxDepth__C)

.const:xdc_runtime_Memory_Module__id__C 
*          0    000012fa    00000002     
                  000012fa    00000002     app_ble_pem3.oem3 (.const:xdc_runtime_Memory_Module__id__C)

.const:xdc_runtime_Text_charCnt__C 
*          0    000012fc    00000002     
                  000012fc    00000002     app_ble_pem3.oem3 (.const:xdc_runtime_Text_charCnt__C)

.const:xdc_runtime_Text_isLoaded__C 
*          0    000012fe    00000002     
                  000012fe    00000002     app_ble_pem3.oem3 (.const:xdc_runtime_Text_isLoaded__C)

.const:xdc_runtime_Error_policy__C 
*          0    00001300    00000001     
                  00001300    00000001     app_ble_pem3.oem3 (.const:xdc_runtime_Error_policy__C)

.const:ti_sysbios_rom_ROM_ti_sysbios_family_arm_cc26xx_Timer_getCount64__E 
*          0    00001304    00000004     
                  00001304    00000004     app_ble_pem3.oem3 (.const:ti_sysbios_rom_ROM_ti_sysbios_family_arm_cc26xx_Timer_getCount64__E)

.const:ti_sysbios_rom_ROM_ti_sysbios_family_arm_cc26xx_Timer_getCurrentTick__E 
*          0    00001308    00000004     
                  00001308    00000004     app_ble_pem3.oem3 (.const:ti_sysbios_rom_ROM_ti_sysbios_family_arm_cc26xx_Timer_getCurrentTick__E)

.const:ti_sysbios_rom_ROM_ti_sysbios_family_arm_cc26xx_Timer_getMaxTicks__E 
*          0    0000130c    00000004     
                  0000130c    00000004     app_ble_pem3.oem3 (.const:ti_sysbios_rom_ROM_ti_sysbios_family_arm_cc26xx_Timer_getMaxTicks__E)

.const:ti_sysbios_rom_ROM_ti_sysbios_family_arm_cc26xx_Timer_initDevice__I 
*          0    00001310    00000004     
                  00001310    00000004     app_ble_pem3.oem3 (.const:ti_sysbios_rom_ROM_ti_sysbios_family_arm_cc26xx_Timer_initDevice__I)

.const:ti_sysbios_rom_ROM_ti_sysbios_family_arm_cc26xx_Timer_setNextTick__E 
*          0    00001314    00000004     
                  00001314    00000004     app_ble_pem3.oem3 (.const:ti_sysbios_rom_ROM_ti_sysbios_family_arm_cc26xx_Timer_setNextTick__E)

.const:ti_sysbios_rom_ROM_ti_sysbios_family_arm_cc26xx_Timer_setThreshold__I 
*          0    00001318    00000004     
                  00001318    00000004     app_ble_pem3.oem3 (.const:ti_sysbios_rom_ROM_ti_sysbios_family_arm_cc26xx_Timer_setThreshold__I)

.const:ti_sysbios_rom_ROM_ti_sysbios_family_arm_cc26xx_Timer_start__E 
*          0    0000131c    00000004     
                  0000131c    00000004     app_ble_pem3.oem3 (.const:ti_sysbios_rom_ROM_ti_sysbios_family_arm_cc26xx_Timer_start__E)

.const:ti_sysbios_rom_ROM_ti_sysbios_family_arm_cc26xx_TimestampProvider_get32__E 
*          0    00001320    00000004     
                  00001320    00000004     app_ble_pem3.oem3 (.const:ti_sysbios_rom_ROM_ti_sysbios_family_arm_cc26xx_TimestampProvider_get32__E)

.const:ti_sysbios_rom_ROM_xdc_runtime_Startup_getState__I 
*          0    00001324    00000004     
                  00001324    00000004     app_ble_pem3.oem3 (.const:ti_sysbios_rom_ROM_xdc_runtime_Startup_getState__I)

.const:ti_sysbios_rom_ROM_xdc_runtime_System_SupportProxy_abort__E 
*          0    00001328    00000004     
                  00001328    00000004     app_ble_pem3.oem3 (.const:ti_sysbios_rom_ROM_xdc_runtime_System_SupportProxy_abort__E)

.const:ti_sysbios_rom_ROM_xdc_runtime_System_SupportProxy_exit__E 
*          0    0000132c    00000004     
                  0000132c    00000004     app_ble_pem3.oem3 (.const:ti_sysbios_rom_ROM_xdc_runtime_System_SupportProxy_exit__E)

.TI.bound:NV_FLASH 
*          0    0001d000    00001000     
                  0001d000    00001000     ble5_simple_peripheral_cc2640r2lp_stack_library.lib : osal_snv_wrapper.obj (.TI.bound:NV_FLASH)

.data:ti_sysbios_knl_Task_Module__state__V 
*          0    20000100    00000044     UNINITIALIZED
                  20000100    00000044     app_ble_pem3.oem3 (.data:ti_sysbios_knl_Task_Module__state__V)

.data:ti_sysbios_family_arm_m3_Hwi_Module__state__V 
*          0    20000144    00000034     UNINITIALIZED
                  20000144    00000034     app_ble_pem3.oem3 (.data:ti_sysbios_family_arm_m3_Hwi_Module__state__V)

.data:ti_sysbios_knl_Clock_Module__state__V 
*          0    20000178    0000002c     UNINITIALIZED
                  20000178    0000002c     app_ble_pem3.oem3 (.data:ti_sysbios_knl_Clock_Module__state__V)

.data:ti_sysbios_BIOS_Module__state__V 
*          0    200001a4    00000024     UNINITIALIZED
                  200001a4    00000024     app_ble_pem3.oem3 (.data:ti_sysbios_BIOS_Module__state__V)

.data:ti_sysbios_knl_Swi_Module__state__V 
*          0    200001c8    0000001c     UNINITIALIZED
                  200001c8    0000001c     app_ble_pem3.oem3 (.data:ti_sysbios_knl_Swi_Module__state__V)

.data:ti_sysbios_family_arm_cc26xx_Timer_Module__state__V 
*          0    200001e4    00000008     UNINITIALIZED
                  200001e4    00000008     app_ble_pem3.oem3 (.data:ti_sysbios_family_arm_cc26xx_Timer_Module__state__V)

.data:ti_sysbios_family_arm_cc26xx_TimestampProvider_Module__state__V 
*          0    200001ec    00000004     UNINITIALIZED
                  200001ec    00000004     app_ble_pem3.oem3 (.data:ti_sysbios_family_arm_cc26xx_TimestampProvider_Module__state__V)

.data:xdc_runtime_Startup_Module__state__V 
*          0    200001f0    00000008     UNINITIALIZED
                  200001f0    00000008     app_ble_pem3.oem3 (.data:xdc_runtime_Startup_Module__state__V)

.data:xdc_runtime_System_Module__state__V 
*          0    200001f8    00000008     UNINITIALIZED
                  200001f8    00000008     app_ble_pem3.oem3 (.data:xdc_runtime_System_Module__state__V)

.data:xdc_runtime_Memory_Module__state__V 
*          0    20000200    00000004     UNINITIALIZED
                  20000200    00000004     app_ble_pem3.oem3 (.data:xdc_runtime_Memory_Module__state__V)

.data:xdc_runtime_Error_Module__state__V 
*          0    20000204    00000002     UNINITIALIZED
                  20000204    00000002     app_ble_pem3.oem3 (.data:xdc_runtime_Error_Module__state__V)

.bootVecs 
*          0    00000000    00000008     DSECT
                  00000000    00000008     boot.aem3 : boot.oem3 (.bootVecs)

.resetVecs 
*          0    00000000    0000003c     
                  00000000    0000003c     app_ble_pem3.oem3 (.resetVecs)

.vecs      0    20000000    000000c8     NOLOAD SECTION
                  20000000    000000c8     app_ble_pem3.oem3 (.vecs)

xdc.meta   0    00000000    000000f9     COPY SECTION
                  00000000    000000f9     app_ble_pem3.oem3 (xdc.meta)

xdc.noload 
*          0    00000000    00000000     COPY SECTION

.cinit     0    00019b60    000018cc     
                  00019b60    00001788     (.cinit..data.load) [load image]
                  0001b2e8    00000028     (.cinit..data:ti_sysbios_family_arm_m3_Hwi_Module__state__V.load) [load image, compression = lzss]
                  0001b310    00000021     (.cinit..data:ti_sysbios_knl_Task_Module__state__V.load) [load image, compression = lzss]
                  0001b331    0000001f     (.cinit..data:ti_sysbios_BIOS_Module__state__V.load) [load image, compression = lzss]
                  0001b350    0000001e     (.cinit..data:ti_sysbios_knl_Clock_Module__state__V.load) [load image, compression = lzss]
                  0001b36e    00000010     (.cinit..data:ti_sysbios_knl_Swi_Module__state__V.load) [load image, compression = lzss]
                  0001b37e    00000002     --HOLE-- [fill = 0]
                  0001b380    0000000c     (__TI_handler_table)
                  0001b38c    0000000b     (.cinit..data:ti_sysbios_family_arm_cc26xx_Timer_Module__state__V.load) [load image, compression = lzss]
                  0001b397    00000001     --HOLE-- [fill = 0]
                  0001b398    00000008     (.cinit..bss.load) [load image, compression = zero_init]
                  0001b3a0    00000008     (.cinit..data:xdc_runtime_Memory_Module__state__V.load) [load image, compression = lzss]
                  0001b3a8    00000007     (.cinit..data:ti_sysbios_family_arm_cc26xx_TimestampProvider_Module__state__V.load) [load image, compression = lzss]
                  0001b3af    00000007     (.cinit..data:xdc_runtime_Startup_Module__state__V.load) [load image, compression = lzss]
                  0001b3b6    00000007     (.cinit..data:xdc_runtime_System_Module__state__V.load) [load image, compression = lzss]
                  0001b3bd    00000006     (.cinit..data:xdc_runtime_Error_Module__state__V.load) [load image, compression = lzss]
                  0001b3c3    00000001     --HOLE-- [fill = 0]
                  0001b3c4    00000068     (__TI_cinit_table)

.init_array 
*          0    00000000    00000000     UNINITIALIZED

.ccfg      0    0001ffa8    00000058     
                  0001ffa8    00000058     ccfg_app_ble.obj (.ccfg:retain)

.data      0    20000208    00001780     UNINITIALIZED
                  20000208    00000470     WS2812Driver.obj (.data:$O1$$)
                  20000678    00000458     MainLoop.obj (.data:$O1$$)
                  20000ad0    00000388     simple_peripheral.obj (.data:$O2$$)
                  20000e58    00000238     DataStreamerService.obj (.data:$O8$$)
                  20001090    00000114     drivers_cc26x0r2.aem3 : PINCC26XX.oem3 (.data:$O1$$)
                  200011a4    00000114                           : PowerCC26XX.oem3 (.data:PowerCC26XX_module)
                  200012b8    000000d8     ble5_simple_peripheral_cc2640r2lp_stack_library.lib : gapbondmgr.obj (.data:$O18$$)
                  20001390    0000009c     icall.obj (.data:$O5$$)
                  2000142c    0000007c     ble5_simple_peripheral_cc2640r2lp_stack_library.lib : osal_cbtimer.obj (.data:$O15$$)
                  200014a8    00000060     MiscService.obj (.data:$O10$$)
                  20001508    00000058     drivers_cc26x0r2.aem3 : CryptoResourceCC26XX.oem3 (.data:$O1$$)
                  20001560    0000004c     app_ble_pem3.oem3 (.data:ti_sysbios_knl_Task_Object__table__V)
                  200015ac    00000004     ble5_simple_peripheral_cc2640r2lp_stack_library.lib : osal_pwrmgr.obj (.data:$O16$$)
                  200015b0    00000048     app_ble_pem3.oem3 (.data:ti_sysbios_family_arm_cc26xx_Timer_Object__table__V)
                  200015f8    00000040     ble_user_config.obj (.data:rfRegTbl)
                  20001638    0000003c     ll_pxxx.a : ll_config.o (.data)
                  20001674    00000038     app_ble_pem3.oem3 (.data:ti_sysbios_gates_GateMutex_Object__table__V)
                  200016ac    00000030     app_ble_pem3.oem3 (.data:ti_sysbios_knl_Swi_Module_State_0_readyQ__A)
                  200016dc    00000030     app_ble_pem3.oem3 (.data:ti_sysbios_knl_Swi_Object__table__V)
                  2000170c    00000030     app_ble_pem3.oem3 (.data:ti_sysbios_knl_Task_Module_State_0_readyQ__A)
                  2000173c    0000002c     ble5_simple_peripheral_cc2640r2lp_stack_library.lib : osal.obj (.data:$O14$$)
                  20001768    00000028     ECCROMCC26XX.obj (.data:$O3$$)
                  20001790    00000024     profiles_pxxx.a : gapgattserver.o (.data)
                  200017b4    00000020     app_ble_pem3.oem3 (.data:ti_sysbios_knl_Clock_Object__table__V)
                  200017d4    00000020     app_ble_pem3.oem3 (.data:xdc_runtime_Error_IgnoreBlock)
                  200017f4    00000018     sm_pxxx.a : sm_rsppairing.o (.data)
                  2000180c    00000018     app_ble_pem3.oem3 (.data:ti_sysbios_family_arm_m3_Hwi_Object__table__V)
                  20001824    00000014     gap_pxxx.a : gap_configmgr.o (.data)
                  20001838    00000010     icall_user_config.obj (.data:bleAppServiceInfoTable)
                  20001848    00000010     gap_pxxx.a : gap_configmgr.o (.data)
                  20001858    00000010     icall_api_lite.obj (.data)
                  20001868    00000010     ll_pxxx.a : ll.o (.data)
                  20001878    00000010     main.obj (.data:user0Cfg)
                  20001888    0000000c     ll_pxxx.a : ll_data.o (.data)
                  20001894    0000000c     ble_user_config.obj (.data:rfRegTbl1M)
                  200018a0    0000000c     ble_user_config.obj (.data:rfRegTblCoded)
                  200018ac    0000000c     app_ble_pem3.oem3 (.data:ti_sysbios_heaps_HeapCallback_Object__table__V)
                  200018b8    00000008     ble5_simple_peripheral_cc2640r2lp_stack_library.lib : hal_assert.obj (.data:$O13$$)
                  200018c0    00000008                                                         : osal_clock.obj (.data:$O20$$)
                  200018c8    00000008     rtsv7M3_T_le_eabi.lib : _lock.c.obj (.data:$O22$$)
                  200018d0    00000008     icall_cc2650.obj (.data:$O7$$)
                  200018d8    00000008     gap_pxxx.a : gap_advertiser.o (.data)
                  200018e0    00000008     ble_user_config.obj (.data:rfRegTbl2M)
                  200018e8    00000008     app_ble_pem3.oem3 (.data:ti_sysbios_family_arm_m3_Hwi_Module__root__V)
                  200018f0    00000008     app_ble_pem3.oem3 (.data:ti_sysbios_gates_GateHwi_Module__root__V)
                  200018f8    00000008     app_ble_pem3.oem3 (.data:ti_sysbios_gates_GateMutex_Module__root__V)
                  20001900    00000008     app_ble_pem3.oem3 (.data:ti_sysbios_hal_Hwi_Module__root__V)
                  20001908    00000008     app_ble_pem3.oem3 (.data:ti_sysbios_heaps_HeapCallback_Module__root__V)
                  20001910    00000008     app_ble_pem3.oem3 (.data:ti_sysbios_heaps_HeapMem_Module__root__V)
                  20001918    00000008     app_ble_pem3.oem3 (.data:ti_sysbios_knl_Clock_Module__root__V)
                  20001920    00000008     app_ble_pem3.oem3 (.data:ti_sysbios_knl_Event_Module__root__V)
                  20001928    00000008     app_ble_pem3.oem3 (.data:ti_sysbios_knl_Mailbox_Module__root__V)
                  20001930    00000008     app_ble_pem3.oem3 (.data:ti_sysbios_knl_Queue_Module__root__V)
                  20001938    00000008     app_ble_pem3.oem3 (.data:ti_sysbios_knl_Semaphore_Module__root__V)
                  20001940    00000008     app_ble_pem3.oem3 (.data:ti_sysbios_knl_Swi_Module__root__V)
                  20001948    00000008     app_ble_pem3.oem3 (.data:ti_sysbios_knl_Task_Module__root__V)
                  20001950    00000008     app_ble_pem3.oem3 (.data:xdc_runtime_Registry_Module__state__V)
                  20001958    00000004     ble5_simple_peripheral_cc2640r2lp_stack_library.lib : osal_snv_wrapper.obj (.data:$O21$$)
                  2000195c    00000004                                                         : ble_user_config.obj (.data)
                  20001960    00000004                                                         : osal_bufmgr.obj (.data)
                  20001964    00000004     ble_user_config.obj (.data)
                  20001968    00000004     rtsv7M3_T_le_eabi.lib : stkdepth_vars.c.obj (.data)
                  2000196c    00000004     app_ble_pem3.oem3 (.data:ti_sysbios_family_arm_m3_Hwi_Module_State_0_excContext__A)
                  20001970    00000004     app_ble_pem3.oem3 (.data:ti_sysbios_family_arm_m3_Hwi_Module_State_0_excStack__A)
                  20001974    00000004     app_ble_pem3.oem3 (.data:ti_sysbios_knl_Task_Module_State_0_idleTask__A)
                  20001978    00000002     MiscService.obj (.data)
                  2000197a    00000002     sm_pxxx.a : sm_mgr.o (.data)
                  2000197c    00000002     app_ble_pem3.oem3 (.data:ti_sysbios_family_arm_m3_Hwi_Module_State_0_excActive__A)
                  2000197e    00000001     DataStreamerService.obj (.data)
                  2000197f    00000001     TRNGCC26XX.obj (.data)
                  20001980    00000001     simple_peripheral.obj (.data:argPeriodic)
                  20001981    00000001     ble5_simple_peripheral_cc2640r2lp_stack_library.lib : gap.obj (.data)
                  20001982    00000001     drivers_cc26x0r2.aem3 : CryptoCC26XX.oem3 (.data)
                  20001983    00000001                           : UART.oem3 (.data)
                  20001984    00000001     gatt_pxxx.a : gatt_client.o (.data)
                  20001985    00000001     l2cap_pxxx.a : l2cap_task.o (.data)
                  20001986    00000001     ll_pxxx.a : ll_ae.o (.data)
                  20001987    00000001               : ll_data.o (.data)

.bss       0    20001988    00000aee     UNINITIALIZED
                  20001988    000003a0     rf_singleMode_cc26x0r2.aem3 : RFCC26XX_singleMode.oem3 (.bss:$O1$$)
                  20001d28    00000200     app_ble_pem3.oem3 (.bss:taskStackSection)
                  20001f28    0000012c     (.common:uartCC26XXObjects)
                  20002054    000000d4     ll_pxxx.a : ll_privacy.o (.bss)
                  20002128    000000c8     (.common:ti_sysbios_family_arm_m3_Hwi_dispatchTable)
                  200021f0    00000080     board.obj (.bss:uartStringBuf$13)
                  20002270    00000044     ll_pxxx.a : ll_ae.o (.bss)
                  200022b4    00000038               : ble.o (.bss)
                  200022ec    0000002c     (.common:cryptoCC26XXObjects)
                  20002318    00000024               : ll.o (.bss)
                  2000233c    00000020     (.common:uartCC26XXRingBuffer)
                  2000235c    0000001c               : ble.o (.bss)
                  20002378    00000014     rf_singleMode_cc26x0r2.aem3 : RFCC26XX_singleMode.oem3 (.bss:RF_ratSyncCmd)
                  2000238c    00000014     ll_pxxx.a : ll.o (.bss)
                  200023a0    00000014     driverlib.lib : osc.obj (.bss:oscHfGlobals$61)
                  200023b4    00000010     gap_pxxx.a : gap_configmgr.o (.bss)
                  200023c4    00000010     util.obj (.bss:str$1$3)
                  200023d4    0000000c     ble5_simple_peripheral_cc2640r2lp_stack_library.lib : osal_timers.obj (.bss:$O17$$)
                  200023e0    0000000c     ll_pxxx.a : ll_scheduler.o (.bss)
                  200023ec    0000000c     (.common:displayUartObject)
                  200023f8    0000000c     (.common:hStateHui)
                  20002404    00000008     dpl_cc26x0r2.aem3 : PowerCC26XX_tirtos.oem3 (.bss:$O1$$)
                  2000240c    00000008     ll_pxxx.a : ll_common.o (.bss)
                  20002414    00000008     driverlib.lib : sys_ctrl.obj (.bss:powerQualGlobals$64)
                  2000241c    00000008     profiles_pxxx.a : gattservapp.o (.bss)
                  20002424    00000004     att_pxxx.a : att_client.o (.bss)
                  20002428    00000004     gap_pxxx.a : gap_task.o (.bss)
                  2000242c    00000004     gatt_pxxx.a : gatt_client.o (.bss)
                  20002430    00000004     ll_pxxx.a : ble.o (.bss)
                  20002434    00000004               : ble.o (.bss)
                  20002438    00000004               : ll.o (.bss)
                  2000243c    00000004               : ll.o (.bss)
                  20002440    00000004               : ll.o (.bss)
                  20002444    00000004               : ll.o (.bss)
                  20002448    00000004               : ll.o (.bss)
                  2000244c    00000004               : ll_ae.o (.bss)
                  20002450    00000004               : ll_privacy.o (.bss)
                  20002454    00000004     (.common:ClockP_tickPeriod)
                  20002458    00000004     (.common:tasksEvents)
                  2000245c    00000004     (.common:trngCC26XXObjects)
                  20002460    00000002               : ll.o (.bss)
                  20002462    00000002               : ll.o (.bss)
                  20002464    00000002               : ll_slave_end_causes.o (.bss)
                  20002466    00000001     att_pxxx.a : att_util.o (.bss)
                  20002467    00000001     drivers_cc26x0r2.aem3 : CryptoCC26XX.oem3 (.bss)
                  20002468    00000001     hci_tl_none.a : hci_tl.o (.bss)
                  20002469    00000001                   : hci_tl.o (.bss)
                  2000246a    00000001                   : hci_tl.o (.bss)
                  2000246b    00000001                   : hci_tl.o (.bss)
                  2000246c    00000001                   : hci_tl.o (.bss)
                  2000246d    00000001     l2cap_pxxx.a : l2cap_task.o (.bss)
                  2000246e    00000001     ll_pxxx.a : ll.o (.bss)
                  2000246f    00000001               : ll.o (.bss)
                  20002470    00000001               : ll_ae.o (.bss)
                  20002471    00000001               : ll_ae.o (.bss)
                  20002472    00000001               : ll_ae.o (.bss)
                  20002473    00000001     rf_singleMode_cc26x0r2.aem3 : RFCC26XX_singleMode.oem3 (.bss)
                  20002474    00000001     (.common:driverlib_release_0_56883)
                  20002475    00000001     (.common:icall_liteTaskId)

.vtable    0    20002476    00000000     UNINITIALIZED

.vtable_ram 
*          0    20002476    00000000     UNINITIALIZED

vtable_ram 
*          0    20002476    00000000     UNINITIALIZED

.sysmem    0    20002476    00000000     UNINITIALIZED

.nonretenvar 
*          0    20002476    00000000     UNINITIALIZED

.stack     0    20004000    00000400     UNINITIALIZED
                  20004000    00000400     --HOLE--

.text.1    0    0000003c    00000fc4     
                  0000003c    00000834     ll_pxxx.a : ble.o (.text)
                  00000870    00000008     ble_r2.symbols (.tramp.llMemCopySrc.1)
                  00000878    00000008     ble_r2.symbols (.tramp.LL_ENC_ReverseBytes.1)
                  00000880    00000008     ble_r2.symbols (.tramp.LL_ENC_GenDeviceSKD.1)
                  00000888    00000008     ble_r2.symbols (.tramp.LL_ENC_GenDeviceIV.1)
                  00000890    00000008     ble_r2.symbols (.tramp.LL_RemoteConnParamReqCback.1)
                  00000898    00000008     ble_r2.symbols (.tramp.llGetSlowestPhy.1)
                  000008a0    00000008     ble_r2.symbols (.tramp.LL_DataLengthChangeEventCback.1)
                  000008a8    00000700     ll_pxxx.a : ll_adv_end_causes.o (.text)
                  00000fa8    00000008     ble_r2.symbols (.tramp.llHardwareError.1)
                  00000fb0    00000008     ble_r2.symbols (.tramp.RFHAL_InitDataQueue.1)
                  00000fb8    00000048     ECCROMCC26XX.obj (.text:ECC_initGlobals$4)

.text.2    0    00001330    00016984     
                  00001330    00000534     ble5_simple_peripheral_cc2640r2lp_stack_library.lib : gapbondmgr.obj (.text:GAPBondMgr_ProcessEvent)
                  00001864    00000510     ll_pxxx.a : ll_slave_end_causes.o (.text)
                  00001d74    00000478     ble5_simple_peripheral_cc2640r2lp_stack_library.lib : icall_startup.obj (.text:startup_entry)
                  000021ec    00000470     ll_pxxx.a : ll_slave_end_causes.o (.text)
                  0000265c    000003fc               : ll_ae.o (.text)
                  00002a58    000003ac               : ll.o (.text)
                  00002e04    00000324               : ll_isr.o (.text)
                  00003128    00000320     rom_sysbios.aem3 : rom_sysbios.obj (.text:xdc_runtime_System_doPrint__I)
                  00003448    00000314     drivers_cc26x0r2.aem3 : PowerCC26XX_calibrateRCOSC.oem3 (.text:PowerCC26XX_auxISR)
                  0000375c    00000314     ll_pxxx.a : ll_isr.o (.text)
                  00003a70    00000304     simple_peripheral.obj (.text:SimplePeripheral_taskFxn$2)
                  00003d74    000002fc     ll_pxxx.a : ll_ae.o (.text)
                  00004070    000002e0               : ll.o (.text)
                  00004350    000002c0     rf_singleMode_cc26x0r2.aem3 : RFCC26XX_singleMode.oem3 (.text:RF_fsmActiveState)
                  00004610    000002a8     ll_pxxx.a : ll_slave_end_causes.o (.text)
                  000048b8    00000298               : ll_ae.o (.text)
                  00004b50    00000278     drivers_cc26x0r2.aem3 : CryptoCC26XX.oem3 (.text:cryptoTransactionExecute)
                  00004dc8    0000024c     ll_pxxx.a : ll_common.o (.text)
                  00005014    00000244               : ll_common.o (.text)
                  00005258    00000244               : ll_isr.o (.text)
                  0000549c    00000240               : ll_scheduler.o (.text)
                  000056dc    0000023c     simple_peripheral.obj (.text:SimplePeripheral_processGapMessage$2)
                  00005918    0000022c     drivers_cc26x0r2.aem3 : PowerCC26XX.oem3 (.text:Power_sleep)
                  00005b44    00000220     driverlib.lib : sys_ctrl.obj (.text:NOROM_SysCtrlSetRechargeBeforePowerDown)
                  00005d64    0000021c     ll_pxxx.a : ll_scheduler.o (.text)
                  00005f80    00000210               : ll_ae.o (.text)
                  00006190    00000208     sm_pxxx.a : sm_pairing.o (.text)
                  00006398    00000200     ll_pxxx.a : ll_ae.o (.text)
                  00006598    00000200     profiles_pxxx.a : gattservapp.o (.text)
                  00006798    000001ec     ll_pxxx.a : ll_isr.o (.text)
                  00006984    000001e8     ECCROMCC26XX.obj (.text:ECC_VerifyPublicKeyWeierstrass)
                  00006b6c    000001dc     sm_pxxx.a : sm_rsppairing.o (.text)
                  00006d48    000001d8     rf_singleMode_cc26x0r2.aem3 : RFCC26XX_singleMode.oem3 (.text:RF_fsmSetupState)
                  00006f20    000001d8     ll_pxxx.a : ll_common.o (.text)
                  000070f8    000001d0     ble5_simple_peripheral_cc2640r2lp_stack_library.lib : gapbondmgr.obj (.text:gapBondMgrAddBond$28)
                  000072c8    000001c0                                                         : gap.obj (.text:GAP_DeviceInit)
                  00007488    000001bc     main.obj (.text:AssertHandler)
                  00007644    000001b0     drivers_cc26x0r2.aem3 : PINCC26XX.oem3 (.text:PIN_init)
                  000077f4    000001b0     ll_pxxx.a : ll.o (.text)
                  000079a4    000001ac               : ll.o (.text)
                  00007b50    000001a4     ECCROMCC26XX.obj (.text:ECCROMCC26XX_genDHKey)
                  00007cf4    000001a0     rf_singleMode_cc26x0r2.aem3 : RFCC26XX_singleMode.oem3 (.text:RF_open)
                  00007e94    00000198     gap_pxxx.a : gap_advertiser.o (.text)
                  0000802c    00000190     drivers_cc26x0r2.aem3 : PowerCC26XX_calibrateRCOSC.oem3 (.text:PowerCC26XX_doCalibrate)
                  000081bc    00000190     icall.obj (.text:icall_directAPI)
                  0000834c    0000017c     profiles_pxxx.a : gattservapp.o (.text)
                  000084c8    0000015c     drivers_cc26x0r2.aem3 : UARTCC26XX.oem3 (.text:UARTCC26XX_open)
                  00008624    0000015c     gatt_pxxx.a : gatt_client.o (.text)
                  00008780    00000154     ll_pxxx.a : ll_data.o (.text)
                  000088d4    00000150     ble5_simple_peripheral_cc2640r2lp_stack_library.lib : gapbondmgr.obj (.text:gapBondMgrAuthenticate$28)
                  00008a24    00000150     ll_pxxx.a : ll_common.o (.text)
                  00008b74    00000150               : ll_isr.o (.text)
                  00008cc4    0000014c     DataStreamerService.obj (.text:DataStreamerService_ReadAttrCB$11)
                  00008e10    0000014c     gap_pxxx.a : gap_advertiser.o (.text)
                  00008f5c    0000014c     gatt_pxxx.a : gatt_server.o (.text)
                  000090a8    00000148     drivers_cc26x0r2.aem3 : UARTCC26XX.oem3 (.text:UARTCC26XX_hwiIntFxn)
                  000091f0    0000013c     rf_singleMode_cc26x0r2.aem3 : RFCC26XX_singleMode.oem3 (.text:RF_ratSetupChannel)
                  0000932c    00000136     drivers_cc26x0r2.aem3 : UARTCC26XX.oem3 (.text:UARTCC26XX_read)
                  00009462    00000002     ble_user_config.obj (.text:DefaultAssertCback)
                  00009464    00000130     ll_pxxx.a : ll.o (.text)
                  00009594    0000012c     drivers_cc26x0r2.aem3 : PowerCC26XX.oem3 (.text:Power_init)
                  000096c0    0000012c     main.obj (.text:main)
                  000097ec    0000012c     sm_pxxx.a : sm_task.o (.text)
                  00009918    00000128     ECCROMCC26XX.obj (.text:ECCROMCC26XX_genKeys)
                  00009a40    00000128     ll_pxxx.a : ll_scheduler.o (.text)
                  00009b68    00000118     profiles_pxxx.a : gattservapp.o (.text)
                  00009c80    00000114     ble5_simple_peripheral_cc2640r2lp_stack_library.lib : osal_snv_wrapper.obj (.text:compactPage$37)
                  00009d94    0000010e     gatt_pxxx.a : gatt_server.o (.text)
                  00009ea2    0000010c                 : gatt_client.o (.text)
                  00009fae    00000002     display.aem3 : DisplayUart.oem3 (.text:DisplayUartMin_clear)
                  00009fb0    00000108     gap_pxxx.a : gap_advertiser.o (.text)
                  0000a0b8    00000106     app_ble_pem3.oem3 (.text:xdc_runtime_System_printfExtend__I)
                  0000a1be    00000002     display.aem3 : DisplayUart.oem3 (.text:DisplayUartMin_clearLines)
                  0000a1c0    00000104     ll_pxxx.a : ll_common.o (.text)
                  0000a2c4    000000fa     rtsv7M3_T_le_eabi.lib : fs_add_t2.asm.obj (.text)
                  0000a3be    00000002     display.aem3 : DisplayUart.oem3 (.text:DisplayUartMin_init)
                  0000a3c0    000000f8     sm_pxxx.a : sm_rsppairing.o (.text)
                  0000a4b8    000000f4     gap_pxxx.a : gap_linkmgr.o (.text)
                  0000a5ac    000000f0     drivers_cc26x0r2.aem3 : PINCC26XX.oem3 (.text:PINCC26XX_setIoCfg)
                  0000a69c    000000f0     rf_singleMode_cc26x0r2.aem3 : RFCC26XX_singleMode.oem3 (.text:RF_radioOpDoneCb)
                  0000a78c    000000f0     ble5_simple_peripheral_cc2640r2lp_stack_library.lib : osal_snv_wrapper.obj (.text:osal_snv_write)
                  0000a87c    000000ec                                                         : gapbondmgr.obj (.text:gapBondMgrEraseBonding$28)
                  0000a968    000000ec     ll_pxxx.a : ll_common.o (.text)
                  0000aa54    000000ec     profiles_pxxx.a : gattservapp.o (.text)
                  0000ab40    000000e8     dpl_cc26x0r2.aem3 : PowerCC26XX_tirtos.oem3 (.text:PowerCC26XX_standbyPolicy)
                  0000ac28    000000e8     ble5_simple_peripheral_cc2640r2lp_stack_library.lib : osal_timers.obj (.text:osalTimerUpdate)
                  0000ad10    000000e4     gatt_pxxx.a : gatt_client.o (.text)
                  0000adf4    000000e4     ll_pxxx.a : ll_ae.o (.text)
                  0000aed8    000000e4     sm_pxxx.a : sm_pairing.o (.text)
                  0000afbc    000000e2     drivers_cc26x0r2.aem3 : UARTCC26XX.oem3 (.text:UARTCC26XX_write)
                  0000b09e    00000002     driverlib.lib : rfc.obj (.text:NOROM_RFCAdi3VcoLdoVoltageMode)
                  0000b0a0    000000e0     WS2812Driver.obj (.text:SendWSUpdate)
                  0000b180    000000dc     ble5_simple_peripheral_cc2640r2lp_stack_library.lib : gapbondmgr.obj (.text:gapBondMgr_LinkEst$28)
                  0000b25c    000000dc     gap_pxxx.a : gap_linkmgr.o (.text)
                  0000b338    000000dc                : gap_task.o (.text)
                  0000b414    000000dc     hci_pxxx.a : hci_event.o (.text)
                  0000b4f0    000000d8     ll_pxxx.a : ll.o (.text)
                  0000b5c8    000000d8               : ll.o (.text)
                  0000b6a0    000000d8     sm_pxxx.a : sm_pairing.o (.text)
                  0000b778    000000d4     rf_singleMode_cc26x0r2.aem3 : RFCC26XX_singleMode.oem3 (.text:RF_pendCmd)
                  0000b84c    000000d4     smp_pxxx.a : smp.o (.text)
                  0000b920    000000d0     rf_singleMode_cc26x0r2.aem3 : RFCC26XX_singleMode.oem3 (.text:RF_fsmPowerUpState)
                  0000b9f0    000000d0                                 : RFCC26XX_singleMode.oem3 (.text:RF_postCmd)
                  0000bac0    000000d0     ll_pxxx.a : ll_ae.o (.text)
                  0000bb90    000000cc     rf_singleMode_cc26x0r2.aem3 : RFCC26XX_singleMode.oem3 (.text:RF_swiHw)
                  0000bc5c    000000cc     ll_pxxx.a : ll_ae.o (.text)
                  0000bd28    000000c8     rf_singleMode_cc26x0r2.aem3 : RFCC26XX_singleMode.oem3 (.text:RF_control)
                  0000bdf0    000000c8     WS2812Driver.obj (.text:UpdateCurrentRGBAnimation)
                  0000beb8    000000c8     ll_pxxx.a : ll_data.o (.text)
                  0000bf80    000000c8     sm_pxxx.a : sm_pairing.o (.text)
                  0000c048    000000c4               : sm_pairing.o (.text)
                  0000c10c    000000c2     ll_pxxx.a : ll_ae.o (.text)
                  0000c1ce    00000002     ble5_simple_peripheral_cc2640r2lp_stack_library.lib : onboard.obj (.text:Onboard_soft_reset)
                  0000c1d0    000000c0                                                         : osal.obj (.text:osal_set_event)
                  0000c290    000000be     gap_pxxx.a : gap_linkmgr.o (.text)
                  0000c34e    00000002     rf_singleMode_cc26x0r2.aem3 : RFCC26XX_singleMode.oem3 (.text:RF_defaultCallback)
                  0000c350    000000bc     MiscService.obj (.text:MiscService_WriteAttrCB$12)
                  0000c40c    000000bc     drivers_cc26x0r2.aem3 : PowerCC26XX.oem3 (.text:Power_releaseDependency)
                  0000c4c8    000000bc     gap_pxxx.a : gap_advertiser.o (.text)
                  0000c584    000000bc     hci_pxxx.a : hci_event.o (.text)
                  0000c640    000000bc                : hci_event.o (.text)
                  0000c6fc    000000bc     ll_pxxx.a : ll_common.o (.text)
                  0000c7b8    000000b8     driverlib.lib : setup.obj (.text:NOROM_SetupTrimDevice)
                  0000c870    000000b8     ll_pxxx.a : ll.o (.text)
                  0000c928    000000b4     drivers_cc26x0r2.aem3 : PowerCC26XX.oem3 (.text:Power_setDependency)
                  0000c9dc    000000b0     TRNGCC26XX.obj (.text:TRNGCC26XX_getNumber)
                  0000ca8c    000000b0     gap_pxxx.a : gap_advertiser.o (.text)
                  0000cb3c    000000b0                : gap_linkmgr.o (.text)
                  0000cbec    000000b0     ll_pxxx.a : ble.o (.text)
                  0000cc9c    000000ac     rf_singleMode_cc26x0r2.aem3 : RFCC26XX_singleMode.oem3 (.text:RF_abortCmd)
                  0000cd48    000000ac     att_pxxx.a : att_util.o (.text)
                  0000cdf4    000000ac     ll_pxxx.a : ll.o (.text)
                  0000cea0    000000aa               : ll_common.o (.text)
                  0000cf4a    000000aa     sm_pxxx.a : sm_mgr.o (.text)
                  0000cff4    000000a8     rf_singleMode_cc26x0r2.aem3 : RFCC26XX_singleMode.oem3 (.text:RF_dispatchNextCmd)
                  0000d09c    000000a6     rom_sysbios.aem3 : rom_sysbios.obj (.text:xdc_runtime_Text_putSite__E)
                  0000d142    00000002     ble5_simple_peripheral_cc2640r2lp_stack_library.lib : sm_ecc.obj (.text:SM_dhKeyCB)
                  0000d144    000000a4     rf_singleMode_cc26x0r2.aem3 : RFCC26XX_singleMode.oem3 (.text:RF_ratRestartChannels)
                  0000d1e8    000000a4     WS2812Driver.obj (.text:UpdateCurrentRGBState)
                  0000d28c    000000a4     gatt_pxxx.a : gatt_client.o (.text)
                  0000d330    000000a4     ll_pxxx.a : ll_common.o (.text)
                  0000d3d4    000000a4               : ll_common.o (.text)
                  0000d478    000000a4               : ll_enc.o (.text)
                  0000d51c    000000a4               : ll_scheduler.o (.text)
                  0000d5c0    000000a4     ble5_simple_peripheral_cc2640r2lp_stack_library.lib : osal.obj (.text:osal_msg_enqueue_push$20)
                  0000d664    000000a4     drivers_cc26x0r2.aem3 : PowerCC26XX.oem3 (.text:switchXOSCHFclockFunc)
                  0000d708    000000a0                           : PINCC26XX.oem3 (.text:PIN_open)
                  0000d7a8    000000a0     WS2812Driver.obj (.text:WS2812Driver_taskFxn)
                  0000d848    000000a0     auto_init.aem3 : auto_init.oem3 (.text)
                  0000d8e8    000000a0     ble5_simple_peripheral_cc2640r2lp_stack_library.lib : osal_timers.obj (.text:osal_timer_refTimeUpdate)
                  0000d988    0000009e                                                         : gapbondmgr.obj (.text:gapBondMgrUpdateCharCfg$28)
                  0000da26    00000002                                                         : sm_ecc.obj (.text:SM_p256KeyCB)
                  0000da28    0000009c     rf_singleMode_cc26x0r2.aem3 : RFCC26XX_singleMode.oem3 (.text:RF_calculateDispatchTime)
                  0000dac4    0000009c     ble5_simple_peripheral_cc2640r2lp_stack_library.lib : osal_cbtimer.obj (.text:cbTimerSetup$22)
                  0000db60    0000009c     ll_pxxx.a : ll.o (.text)
                  0000dbfc    0000009c     ble5_simple_peripheral_cc2640r2lp_stack_library.lib : osal_cbtimer.obj (.text:osal_CbTimerProcessEvent)
                  0000dc98    0000009c     rtsv7M3_T_le_eabi.lib : memcpy_t2.asm.obj (.text)
                  0000dd34    0000009a     ll_pxxx.a : ll_ae.o (.text)
                  0000ddce    00000002     rtsv7M3_T_le_eabi.lib : _lock.c.obj (.text:_nop)
                  0000ddd0    00000098     drivers_cc26x0r2.aem3 : UARTCC26XX.oem3 (.text:UARTCC26XX_initHw)
                  0000de68    00000098                           : UARTCC26XX.oem3 (.text:UARTCC26XX_initIO)
                  0000df00    00000098     ll_pxxx.a : ll.o (.text)
                  0000df98    00000098     rom_sysbios.aem3 : rom_sysbios.obj (.text:ti_sysbios_knl_Clock_workFuncDynamic__E)
                  0000e030    00000096     rtsv7M3_T_le_eabi.lib : ull_div_t2.asm.obj (.text)
                  0000e0c6    00000002     drivers_cc26x0r2.aem3 : PowerCC26XX.oem3 (.text:emptyClockFunc)
                  0000e0c8    00000094                           : CryptoCC26XX.oem3 (.text:CryptoCC26XX_allocateKey)
                  0000e15c    00000094     icall.obj (.text:ICall_setTimer)
                  0000e1f0    00000094     driverlib.lib : crypto.obj (.text:NOROM_CRYPTOAesLoadKey)
                  0000e284    00000094     ble5_simple_peripheral_cc2640r2lp_stack_library.lib : gapbondmgr.obj (.text:gapBondMgr_syncResolvingList)
                  0000e318    00000094     gatt_pxxx.a : gatt_server.o (.text)
                  0000e3ac    00000094     ll_pxxx.a : ll.o (.text)
                  0000e440    00000092     gap_pxxx.a : linkdb.o (.text)
                  0000e4d2    00000092     ll_pxxx.a : ll_common.o (.text)
                  0000e564    00000092               : ll_enc.o (.text)
                  0000e5f6    00000002     drivers_cc26x0r2.aem3 : CryptoResourceCC26XX.oem3 (.text:errorSpin)
                  0000e5f8    00000090                           : CryptoCC26XX.oem3 (.text:CryptoCC26XX_open)
                  0000e688    00000090     driverlib.lib : setup.obj (.text:TrimAfterColdResetWakeupFromShutDown$16)
                  0000e718    00000090     gatt_pxxx.a : gatt_client.o (.text)
                  0000e7a8    00000090     ll_pxxx.a : ll_scheduler.o (.text)
                  0000e838    00000090               : ll_wl.o (.text)
                  0000e8c8    00000090     ble5_simple_peripheral_cc2640r2lp_stack_library.lib : osal.obj (.text:osal_msg_receive)
                  0000e958    00000090     sm_pxxx.a : sm_pairing.o (.text)
                  0000e9e8    00000090     rom_sysbios.aem3 : rom_sysbios.obj (.text:ti_sysbios_family_arm_cc26xx_Timer_start__E)
                  0000ea78    0000008e     drivers_cc26x0r2.aem3 : UARTCC26XX.oem3 (.text:UARTCC26XX_writeCancel)
                  0000eb06    00000002     ble5_simple_peripheral_cc2640r2lp_stack_library.lib : hal_assert.obj (.text:halAssertHandler)
                  0000eb08    0000008c                                                         : gapbondmgr.obj (.text:GAPBondMgr_FindAddr)
                  0000eb94    0000008c     icall.obj (.text:ICall_heapMalloc)
                  0000ec20    0000008c     MainLoop.obj (.text:MainLoop_taskFxn$0)
                  0000ecac    0000008c     gatt_pxxx.a : gatt_client.o (.text)
                  0000ed38    0000008c     ll_pxxx.a : ll_common.o (.text)
                  0000edc4    00000088     gap_pxxx.a : gap_linkmgr.o (.text)
                  0000ee4c    00000088     hci_pxxx.a : hci_event.o (.text)
                  0000eed4    00000086     ll_pxxx.a : ll_common.o (.text)
                  0000ef5a    00000002     ble5_simple_peripheral_cc2640r2lp_stack_library.lib : hal_assert.obj (.text:halAssertSpinlock)
                  0000ef5c    00000084     driverlib.lib : crypto.obj (.text:NOROM_CRYPTOCcmInvAuthDecryptResultGet)
                  0000efe0    00000084     drivers_cc26x0r2.aem3 : UARTCC26XX.oem3 (.text:UARTCC26XX_close)
                  0000f064    00000084     profiles_pxxx.a : gattservapp.o (.text)
                  0000f0e8    00000084                     : gattservapp.o (.text)
                  0000f16c    00000082     gatt_pxxx.a : gatt_client.o (.text)
                  0000f1ee    00000082     ll_pxxx.a : ll.o (.text)
                  0000f270    00000082     profiles_pxxx.a : gattservapp.o (.text)
                  0000f2f2    00000002     icall_api_lite.obj (.text:rfErrCb)
                  0000f2f4    00000080     rf_singleMode_cc26x0r2.aem3 : RFCC26XX_singleMode.oem3 (.text:RF_hwiCpe0Active)
                  0000f374    00000080     ll_pxxx.a : ll.o (.text)
                  0000f3f4    00000080     profiles_pxxx.a : gattservapp.o (.text)
                  0000f474    00000080     drivers_cc26x0r2.aem3 : UARTCC26XX.oem3 (.text:writeTxFifoFlush)
                  0000f4f4    0000007c     rf_singleMode_cc26x0r2.aem3 : RFCC26XX_singleMode.oem3 (.text:RF_ratFreeChannel)
                  0000f570    0000007c     gap_pxxx.a : gap_linkmgr.o (.text)
                  0000f5ec    0000007c     gatt_pxxx.a : gatt_client.o (.text)
                  0000f668    0000007c     hci_pxxx.a : hci_event.o (.text)
                  0000f6e4    0000007c     ll_pxxx.a : ll_common.o (.text)
                  0000f760    0000007c               : ll_common.o (.text)
                  0000f7dc    0000007c     ble5_simple_peripheral_cc2640r2lp_stack_library.lib : osal.obj (.text:osal_event_send$20)
                  0000f858    0000007a     rtsv7M3_T_le_eabi.lib : fs_mul_t2.asm.obj (.text)
                  0000f8d2    0000007a                           : memset_t2.asm.obj (.text)
                  0000f94c    00000078     driverlib.lib : rfc.obj (.text:NOROM_RFCOverrideUpdate)
                  0000f9c4    00000078     l2cap_pxxx.a : l2cap_if.o (.text)
                  0000fa3c    00000078     ll_pxxx.a : ll_common.o (.text)
                  0000fab4    00000078               : ll_common.o (.text)
                  0000fb2c    00000078               : ll_common.o (.text)
                  0000fba4    00000078     profiles_pxxx.a : gattservapp.o (.text)
                  0000fc1c    00000076     gatt_pxxx.a : gatt_client.o (.text)
                  0000fc92    00000002     rtsv7M3_T_le_eabi.lib : div0.asm.obj (.text)
                  0000fc94    00000074     ble5_simple_peripheral_cc2640r2lp_stack_library.lib : gapbondmgr.obj (.text:gapBondMgrBondReq$28)
                  0000fd08    00000074     ll_pxxx.a : ll_ae.o (.text)
                  0000fd7c    00000074               : ll_ae.o (.text)
                  0000fdf0    00000074               : ll_common.o (.text)
                  0000fe64    00000074               : ll_common.o (.text)
                  0000fed8    00000074               : ll_enc.o (.text)
                  0000ff4c    00000074     sm_pxxx.a : sm_pairing.o (.text)
                  0000ffc0    00000074     rom_sysbios.aem3 : rom_sysbios.obj (.text:xdc_runtime_Text_putMod__E)
                  00010034    00000072     gatt_pxxx.a : gatt_client.o (.text)
                  000100a6    00000002     app_ble_pem3.oem3 (.text:ti_sysbios_BIOS_nullFunc__I)
                  000100a8    00000070     ble5_simple_peripheral_cc2640r2lp_stack_library.lib : gapbondmgr.obj (.text:GAPBondMgr_SetParameter)
                  00010118    00000070     icall.obj (.text:ICall_heapGetStats)
                  00010188    00000070     icall.obj (.text:ICall_heapInit)
                  000101f8    00000070     driverlib.lib : sys_ctrl.obj (.text:NOROM_SysCtrlAdjustRechargeAfterPowerDown)
                  00010268    00000070     simple_peripheral.obj (.text:UpdateAdvData)
                  000102d8    00000070     ble5_simple_peripheral_cc2640r2lp_stack_library.lib : ble_dispatch_lite.obj (.text:ble_dispatch_liteProcess)
                  00010348    00000070     gatt_pxxx.a : gatt_server.o (.text)
                  000103b8    00000070     drivers_cc26x0r2.aem3 : PowerCC26XX.oem3 (.text:lfClockReadyCallback)
                  00010428    00000070     ble5_simple_peripheral_cc2640r2lp_stack_library.lib : osal_snv_wrapper.obj (.text:writeWord$37)
                  00010498    0000006e     gap_pxxx.a : gap_task.o (.text)
                  00010506    0000006e     gatt_pxxx.a : gatt_server.o (.text)
                  00010574    0000006d     rom_sysbios.aem3 : rom_sysbios.obj (.text:xdc_runtime_System_formatNum__I)
                  000105e1    00000001     --HOLE-- [fill = 0]
                  000105e2    00000002                      : rom_sysbios.obj (.text:ti_sysbios_heaps_HeapCallback_defaultDelete)
                  000105e4    0000006c     icall.obj (.text:ICall_send)
                  00010650    0000006c     icall.obj (.text:ICall_sendServiceComplete)
                  000106bc    0000006c     driverlib.lib : osc.obj (.text:NOROM_OSCHF_AttemptToSwitchToXosc)
                  00010728    0000006c     drivers_cc26x0r2.aem3 : PowerCC26XX_calibrateRCOSC.oem3 (.text:PowerCC26XX_initiateCalibration)
                  00010794    0000006c     rf_singleMode_cc26x0r2.aem3 : RFCC26XX_singleMode.oem3 (.text:RF_ratDisableChannel)
                  00010800    0000006c     drivers_cc26x0r2.aem3 : PowerCC26XX.oem3 (.text:configureXOSCHF)
                  0001086c    0000006c     gap_pxxx.a : gap_configmgr.o (.text)
                  000108d8    0000006c                : gap_perilinkmgr.o (.text)
                  00010944    0000006c     gatt_pxxx.a : gatt_client.o (.text)
                  000109b0    0000006c     ll_pxxx.a : ble.o (.text)
                  00010a1c    0000006c               : ll_common.o (.text)
                  00010a88    0000006c               : ll_common.o (.text)
                  00010af4    0000006c               : ll_common.o (.text)
                  00010b60    0000006c               : ll_common.o (.text)
                  00010bcc    0000006c               : ll_scheduler.o (.text)
                  00010c38    0000006a     ble5_simple_peripheral_cc2640r2lp_stack_library.lib : gapbondmgr.obj (.text:gapBondMgrEraseLocalInfo$28)
                  00010ca2    00000002     rom_sysbios.aem3 : rom_sysbios.obj (.text:xdc_runtime_SysCallback_defaultAbort)
                  00010ca4    00000068     drivers_cc26x0r2.aem3 : CryptoCC26XX.oem3 (.text:CryptoCC26XX_loadKey)
                  00010d0c    00000068     driverlib.lib : sys_ctrl.obj (.text:NOROM_SysCtrl_DCDC_VoltageConditionalControl)
                  00010d74    00000068     rf_singleMode_cc26x0r2.aem3 : RFCC26XX_singleMode.oem3 (.text:RF_getCurrentTime)
                  00010ddc    00000068                                 : RFCC26XX_singleMode.oem3 (.text:RF_hwiHw)
                  00010e44    00000068     rtsv7M3_T_le_eabi.lib : copy_decompress_lzss.c.obj (.text:decompress:lzss:__TI_decompress_lzss)
                  00010eac    00000068     gap_pxxx.a : gap_configmgr.o (.text)
                  00010f14    00000068     ll_pxxx.a : ll.o (.text)
                  00010f7c    00000068               : ll.o (.text)
                  00010fe4    00000068               : ll.o (.text)
                  0001104c    00000068               : ll_common.o (.text)
                  000110b4    00000068               : ll_privacy.o (.text)
                  0001111c    00000068     ble5_simple_peripheral_cc2640r2lp_stack_library.lib : osal_cbtimer.obj (.text:osal_CbTimerUpdate)
                  00011184    00000066     ll_pxxx.a : ll_common.o (.text)
                  000111ea    00000066               : ll_common.o (.text)
                  00011250    00000066               : ll_privacy.o (.text)
                  000112b6    00000002     rom_sysbios.aem3 : rom_sysbios.obj (.text:xdc_runtime_SysCallback_defaultExit)
                  000112b8    00000064     gap_pxxx.a : gap_linkmgr.o (.text)
                  0001131c    00000064                : linkdb.o (.text)
                  00011380    00000064     ll_pxxx.a : ll_privacy.o (.text)
                  000113e4    00000064     profiles_pxxx.a : gattservapp.o (.text)
                  00011448    00000064                     : gattservapp.o (.text)
                  000114ac    00000064                     : gattservapp.o (.text)
                  00011510    00000060     icall.obj (.text:ICall_createRemoteTasksAtRuntime)
                  00011570    00000060     icall.obj (.text:ICall_enrollService)
                  000115d0    00000060     drivers_cc26x0r2.aem3 : PowerCC26XX.oem3 (.text:PowerCC26XX_calibrate)
                  00011630    00000060     rf_singleMode_cc26x0r2.aem3 : RFCC26XX_singleMode.oem3 (.text:RF_dispatchNextEvent)
                  00011690    00000060     rtsv7M3_T_le_eabi.lib : fs_cmp_t2.asm.obj (.text:__aeabi_cfcmple)
                  000116f0    00000060                           : fs_cmp_t2.asm.obj (.text:__aeabi_cfrcmple)
                  00011750    00000060     gap_pxxx.a : gap_linkmgr.o (.text)
                  000117b0    00000060                : gap_linkmgr.o (.text)
[...]
2000242c  clientInfoTbl                                                             
20002430  linkCmd                                                                   
20002434  linkParam                                                                 
20002438  rtosApiTblPtr                                                             
2000243c  dtmInfo                                                                   
20002440  llCombineState                                                            
20002444  LSTORecoveryArr                                                           
20002448  pRfPathComp                                                               
2000244c  advSetList                                                                
20002450  pRpaCfg                                                                   
20002454  ClockP_tickPeriod                                                         
20002458  tasksEvents                                                               
2000245c  trngCC26XXObjects                                                         
20002460  connInitialMaxTxTimeUncoded                                               
20002462  connInitialMaxTxTimeCoded                                                 
20002466  att_sendRspOnly                                                           
20002468  hciTaskID                                                                 
20002469  hciTestTaskID                                                             
2000246a  hciGapTaskID                                                              
2000246b  hciL2capTaskID                                                            
2000246c  hciSmpTaskID                                                              
2000246d  l2cap_gattServAppTaskID                                                   
2000246e  defaultPhy                                                                
2000246f  scanReqRpt                                                                
20002470  aeCurHandle                                                               
20002471  aeCurAdvEnableHandle                                                      
20002472  aeCurConnHandle                                                           
20002474  driverlib_release_0_56883                                                 
20002475  icall_liteTaskId                                                          
20002476  heapStart                                                                 
20004000  __stack                                                                   
20004000  heapEnd                                                                   
20004400  __STACK_END                                                               
20004400  __STACK_TOP                                                               
200044f8  RAM_BASE_ADDR                                                             
20004504  ROM_FlashJT                                                               
20004558  gapPeripheralCBs                                                          
20004564  gapPeripheralConnCBs                                                      
2000459c  slaveConnHandle                                                           
2000459e  nextHandle                                                                
200045a0  l2capMtuSize                                                              
200045a2  gapAppTaskID                                                              
200045a3  gapAdvAppTaskID                                                           
200045a4  gapUnwantedTaskID                                                         
200045a5  reqTaskId                                                                 
200045a6  gattAppTaskID                                                             
200045a7  appTaskID                                                                 
200045a8  flowCtrlTaskId                                                            
200045a9  SM_appTaskID                                                              
200046ec  scanDataEntry                                                             
200047cc  wlTable                                                                   
200048a8  wlTableScan                                                               
20004988  rfObject                                                                  
20004a20  advCmd                                                                    
20004a68  localEccKeys                                                              
20004aac  initDataEntry                                                             
20004b1c  l2capFixedChannels                                                        
20004b4c  linkCBs                                                                   
20004b7c  eccParams                                                                 
20004bac  initParam                                                                 
20004bd0  scanParam                                                                 
20004bf4  advParam                                                                  
20004c14  cryptoPRAND                                                               
20004c34  txModemTestCmd                                                            
20004c50  gapParams                                                                 
20004c6c  initCmd                                                                   
20004c84  connReqData                                                               
20004c9c  scanCmd                                                                   
20004cb4  scanOutput                                                                
20004ce4  rxModemTestCmd                                                            
20004cfc  rsp                                                                       
20004d14  fwParDtmCmd                                                               
20004d44  fwParRfCmd                                                                
20004d5c  connOutput                                                                
20004d70  rxTestParam                                                               
20004d84  initDataQueue                                                             
20004d94  scanDataQueue                                                             
20004da4  advDataQueue                                                              
20004db4  advOutput                                                                 
20004dc4  txTestParam                                                               
20004dd4  initOutput                                                                
20004de0  rxTestOut                                                                 
20004df8  cachedTRNGdata                                                            
20004e04  gapCurrentRandomAddr                                                      
20004e0c  slaveUpdateReq                                                            
20004e14  pBleEvtMask                                                               
20004e1c  pHciEvtMask                                                               
20004e24  pHciEvtMask2                                                              
20004e2c  ownPublicAddr                                                             
20004e34  ownRandomAddr                                                             
20004e3c  ownSavedPublicAddr                                                        
20004e44  fwImmedCmd                                                                
20004e4c  attServerNotifyTxCB                                                       
20004e50  rfEvent                                                                   
20004e58  fwParCmd                                                                  
20004e60  verInfo                                                                   
20004e68  llConns                                                                   
20004e70  fwParamImmedCmd                                                           
20004e78  privInfo                                                                  
20004e88  rxDataQ                                                                   
20004e8c  txDataQ                                                                   
20004e90  rxRingBuf                                                                 
20004e94  txTestOut                                                                 
20004e98  pGapDiscReq                                                               
20004e9c  pGapAdvertState                                                           
20004ea0  pEstLink                                                                  
20004ea4  pAuthLink                                                                 
20004ea8  pfnCentralConnCBs                                                         
20004eac  pfnPeripheralConnCBs                                                      
20004eb0  pGapAdvTokens                                                             
20004eb4  pGapAdData                                                                
20004eb8  pGapScanRspData                                                           
20004ebc  pfnPeripheralCBs                                                          
20004ec0  pfnCentralCBs                                                             
20004ec8  serverInfoTbl                                                             
20004ecc  pServiceList                                                              
20004ed0  pfnServerProcessMsgCB                                                     
20004ed4  pfnClientProcessMsgCB                                                     
20004ed8  prepareWritesTbl                                                          
20004edc  serviceCBsList                                                            
20004ee0  pAttrValue                                                                
20004ee4  l2capChannels                                                             
20004ee8  linkDB                                                                    
20004eec  rfHandle                                                                  
20004ef0  rfDrvTblPtr                                                               
20004ef4  eccDrvTblPtr                                                              
20004ef8  cryptoDrvTblPtr                                                           
20004efc  trngDrvTblPtr                                                             
20004f00  activeConns                                                               
20004f04  SysBootMsg                                                                
20004f08  sclkSrc                                                                   
20004f0c  buildInfo                                                                 
20004f10  advInfo                                                                   
20004f18  initInfo                                                                  
20004f20  taskEndAction                                                             
20004f24  encParams                                                                 
20004f28  encHandle                                                                 
20004f2c  encKey                                                                    
20004f30  pPairingParams                                                            
20004f34  pfnResponderCBs                                                           
20004f38  pfnInitiatorCBs                                                           
20004f3c  gapLimitedAdvertisingTimeout                                              
20004f3e  attrLen                                                                   
20004f40  numHostBufs                                                               
20004f42  rfCmdHandle                                                               
20004f44  connInitialMaxTxOctets                                                    
20004f46  connInitialMaxTxTime                                                      
20004f48  supportedMaxTxOctets                                                      
20004f4a  supportedMaxTxTime                                                        
20004f4c  supportedMaxRxOctets                                                      
20004f4e  supportedMaxRxTime                                                        
20004f50  taskEndStatus                                                             
20004f52  postRfOperations                                                          
20004f54  rfCfgAdiVal                                                               
20004f58  gapProfileRole                                                            
20004f59  gapDeviceAddrMode                                                         
20004f5a  gapState                                                                  
20004f5b  terminateAllTaskID                                                        
20004f5c  terminateReason                                                           
20004f5d  gapTaskID                                                                 
20004f5e  gattNumConns                                                              
20004f5f  gattTaskID                                                                
20004f60  GATTServApp_TaskID                                                        
20004f61  maxNumPrepareWrites                                                       
20004f62  hciPTMenabled                                                             
20004f63  ctrlToHostEnable                                                          
20004f64  l2capFlowCtrlMode                                                         
20004f65  l2capTaskID                                                               
20004f66  l2capNumChannels                                                          
20004f67  l2capNumDataPkts                                                          
20004f68  l2capId                                                                   
20004f69  linkDBNumConns                                                            
20004f6a  linkDB_secureConnectionOnlyMode                                           
20004f6b  maxPduSize                                                                
20004f6c  rfFeModeBias                                                              
20004f6d  maxNumTxDataBufs                                                          
20004f6e  LL_TaskID                                                                 
20004f6f  llState                                                                   
20004f70  rssiCorrection                                                            
20004f71  curTxPowerVal                                                             
20004f72  maxTxPwrForDTM                                                            
20004f73  onePktPerEvt                                                              
20004f74  numComplPkts                                                              
20004f75  numComplPktsLimit                                                         
20004f76  numComplPktsFlush                                                         
20004f77  fastTxRespTime                                                            
20004f78  slOverride                                                                
20004f79  rxFifoFlowCtrl                                                            
20004f7a  numTxDataBufs                                                             
20004f7b  maxNumConns                                                               
20004f7c  smTaskID                                                                  
20004f7d  SM_appExpectingKey                                                        
20004f80  ECC_DATA$$Base                                                            
20004f80  eccRom_param_Gx                                                           
20004f84  eccRom_param_Gy                                                           
20004f88  eccRom_workzone                                                           
20004f8c  eccRom_param_p                                                            
20004f90  eccRom_param_r                                                            
20004f94  eccRom_param_a                                                            
20004f98  eccRom_param_b                                                            
20004f9c  eccRom_windowSize                                                         
20004fa0  aux64                                                                     
20004fa8  MOD                                                                       
20004fac  LEN                                                                       
20004fb0  inScalar                                                                  
20004fb4  inPointX                                                                  
20004fb8  inPointY                                                                  
20004fbc  outPointX                                                                 
20004fc0  outPointY                                                                 
20004fc4  SCAL                                                                      
20004fc8  EXPX                                                                      
20004fcc  EXPY                                                                      
20004fd0  EXPZ                                                                      
20004fd4  EXPW                                                                      
20004fd8  ACCX                                                                      
20004fdc  ACCY                                                                      
20004fe0  ACCZ                                                                      
20004fe4  TMP1                                                                      
20004fe8  TMP2                                                                      
20004fec  TMP3                                                                      
20004ff0  TMP4                                                                      
20004ff4  TMP5                                                                      
20004ff8  TMP6                                                                      
20004ffc  MSBMOD                                                                    
20005000  ECC_DATA$$Limit                                                           
20005000  __UNUSED_SRAM_end__                                                       
e000e000  ti_sysbios_family_arm_m3_Hwi_nvic                                         
ffffffff  __TI_pprof_out_hndl                                                       
ffffffff  __TI_prof_data_size                                                       
ffffffff  __TI_prof_data_start                                                      
ffffffff  __binit__                                                                 
ffffffff  __c_args__                                                                
ffffffff  binit                                                                     
UNDEFED   SHT$$INIT_ARRAY$$Base                                                     
UNDEFED   SHT$$INIT_ARRAY$$Limit                                                    

[2403 symbols]
